Traceback (most recent call last):
  File "/data/data/com.termux/files/home/PhoneServe/core/gateway/mesh_gateway_hardened.py", line 114, in <module>
    asyncio.run(main())
    ~~~~~~~~~~~^^^^^^^^
  File "/data/data/com.termux/files/usr/lib/python3.13/asyncio/runners.py", line 195, in run
    return runner.run(main)
           ~~~~~~~~~~^^^^^^
  File "/data/data/com.termux/files/usr/lib/python3.13/asyncio/runners.py", line 118, in run
    return self._loop.run_until_complete(task)
           ~~~~~~~~~~~~~~~~~~~~~~~~~~~~~^^^^^^
  File "/data/data/com.termux/files/usr/lib/python3.13/asyncio/base_events.py", line 725, in run_until_complete
    return future.result()
           ~~~~~~~~~~~~~^^
  File "/data/data/com.termux/files/home/PhoneServe/core/gateway/mesh_gateway_hardened.py", line 106, in main
    s1 = await asyncio.start_server(proxy_handler, LOCAL_HOST, LOCAL_PORT)
         ^^^^^^^^^^^^^^^^^^^^^^^^^^^^^^^^^^^^^^^^^^^^^^^^^^^^^^^^^^^^^^^^^
  File "/data/data/com.termux/files/usr/lib/python3.13/asyncio/streams.py", line 84, in start_server
    return await loop.create_server(factory, host, port, **kwds)
           ^^^^^^^^^^^^^^^^^^^^^^^^^^^^^^^^^^^^^^^^^^^^^^^^^^^^^
  File "/data/data/com.termux/files/usr/lib/python3.13/asyncio/base_events.py", line 1641, in create_server
    raise OSError(err.errno, msg) from None
OSError: [Errno 98] error while attempting to bind on address ('127.0.0.1', 1080): [errno 98] address already in use
Traceback (most recent call last):
  File "/data/data/com.termux/files/home/PhoneServe/core/gateway/mesh_gateway_hardened.py", line 114, in <module>
    asyncio.run(main())
    ~~~~~~~~~~~^^^^^^^^
  File "/data/data/com.termux/files/usr/lib/python3.13/asyncio/runners.py", line 195, in run
    return runner.run(main)
           ~~~~~~~~~~^^^^^^
  File "/data/data/com.termux/files/usr/lib/python3.13/asyncio/runners.py", line 118, in run
    return self._loop.run_until_complete(task)
           ~~~~~~~~~~~~~~~~~~~~~~~~~~~~~^^^^^^
  File "/data/data/com.termux/files/usr/lib/python3.13/asyncio/base_events.py", line 725, in run_until_complete
    return future.result()
           ~~~~~~~~~~~~~^^
  File "/data/data/com.termux/files/home/PhoneServe/core/gateway/mesh_gateway_hardened.py", line 106, in main
    s1 = await asyncio.start_server(proxy_handler, LOCAL_HOST, LOCAL_PORT)
         ^^^^^^^^^^^^^^^^^^^^^^^^^^^^^^^^^^^^^^^^^^^^^^^^^^^^^^^^^^^^^^^^^
  File "/data/data/com.termux/files/usr/lib/python3.13/asyncio/streams.py", line 84, in start_server
    return await loop.create_server(factory, host, port, **kwds)
           ^^^^^^^^^^^^^^^^^^^^^^^^^^^^^^^^^^^^^^^^^^^^^^^^^^^^^
  File "/data/data/com.termux/files/usr/lib/python3.13/asyncio/base_events.py", line 1641, in create_server
    raise OSError(err.errno, msg) from None
OSError: [Errno 98] error while attempting to bind on address ('127.0.0.1', 1080): [errno 98] address already in use
Traceback (most recent call last):
  File "/data/data/com.termux/files/home/PhoneServe/core/gateway/mesh_gateway_hardened.py", line 114, in <module>
    asyncio.run(main())
    ~~~~~~~~~~~^^^^^^^^
  File "/data/data/com.termux/files/usr/lib/python3.13/asyncio/runners.py", line 195, in run
    return runner.run(main)
           ~~~~~~~~~~^^^^^^
  File "/data/data/com.termux/files/usr/lib/python3.13/asyncio/runners.py", line 118, in run
    return self._loop.run_until_complete(task)
           ~~~~~~~~~~~~~~~~~~~~~~~~~~~~~^^^^^^
  File "/data/data/com.termux/files/usr/lib/python3.13/asyncio/base_events.py", line 725, in run_until_complete
    return future.result()
           ~~~~~~~~~~~~~^^
  File "/data/data/com.termux/files/home/PhoneServe/core/gateway/mesh_gateway_hardened.py", line 106, in main
    s1 = await asyncio.start_server(proxy_handler, LOCAL_HOST, LOCAL_PORT)
         ^^^^^^^^^^^^^^^^^^^^^^^^^^^^^^^^^^^^^^^^^^^^^^^^^^^^^^^^^^^^^^^^^
  File "/data/data/com.termux/files/usr/lib/python3.13/asyncio/streams.py", line 84, in start_server
    return await loop.create_server(factory, host, port, **kwds)
           ^^^^^^^^^^^^^^^^^^^^^^^^^^^^^^^^^^^^^^^^^^^^^^^^^^^^^
  File "/data/data/com.termux/files/usr/lib/python3.13/asyncio/base_events.py", line 1641, in create_server
    raise OSError(err.errno, msg) from None
OSError: [Errno 98] error while attempting to bind on address ('127.0.0.1', 1080): [errno 98] address already in use
Traceback (most recent call last):
  File "/data/data/com.termux/files/home/PhoneServe/core/gateway/mesh_gateway_hardened.py", line 114, in <module>
    asyncio.run(main())
    ~~~~~~~~~~~^^^^^^^^
  File "/data/data/com.termux/files/usr/lib/python3.13/asyncio/runners.py", line 195, in run
    return runner.run(main)
           ~~~~~~~~~~^^^^^^
  File "/data/data/com.termux/files/usr/lib/python3.13/asyncio/runners.py", line 118, in run
    return self._loop.run_until_complete(task)
           ~~~~~~~~~~~~~~~~~~~~~~~~~~~~~^^^^^^
  File "/data/data/com.termux/files/usr/lib/python3.13/asyncio/base_events.py", line 725, in run_until_complete
    return future.result()
           ~~~~~~~~~~~~~^^
  File "/data/data/com.termux/files/home/PhoneServe/core/gateway/mesh_gateway_hardened.py", line 106, in main
    s1 = await asyncio.start_server(proxy_handler, LOCAL_HOST, LOCAL_PORT)
         ^^^^^^^^^^^^^^^^^^^^^^^^^^^^^^^^^^^^^^^^^^^^^^^^^^^^^^^^^^^^^^^^^
  File "/data/data/com.termux/files/usr/lib/python3.13/asyncio/streams.py", line 84, in start_server
    return await loop.create_server(factory, host, port, **kwds)
           ^^^^^^^^^^^^^^^^^^^^^^^^^^^^^^^^^^^^^^^^^^^^^^^^^^^^^
  File "/data/data/com.termux/files/usr/lib/python3.13/asyncio/base_events.py", line 1641, in create_server
    raise OSError(err.errno, msg) from None
OSError: [Errno 98] error while attempting to bind on address ('127.0.0.1', 1080): [errno 98] address already in use
Traceback (most recent call last):
  File "/data/data/com.termux/files/home/PhoneServe/core/gateway/mesh_gateway_hardened.py", line 114, in <module>
    asyncio.run(main())
    ~~~~~~~~~~~^^^^^^^^
  File "/data/data/com.termux/files/usr/lib/python3.13/asyncio/runners.py", line 195, in run
    return runner.run(main)
           ~~~~~~~~~~^^^^^^
  File "/data/data/com.termux/files/usr/lib/python3.13/asyncio/runners.py", line 118, in run
    return self._loop.run_until_complete(task)
           ~~~~~~~~~~~~~~~~~~~~~~~~~~~~~^^^^^^
  File "/data/data/com.termux/files/usr/lib/python3.13/asyncio/base_events.py", line 725, in run_until_complete
    return future.result()
           ~~~~~~~~~~~~~^^
  File "/data/data/com.termux/files/home/PhoneServe/core/gateway/mesh_gateway_hardened.py", line 106, in main
    s1 = await asyncio.start_server(proxy_handler, LOCAL_HOST, LOCAL_PORT)
         ^^^^^^^^^^^^^^^^^^^^^^^^^^^^^^^^^^^^^^^^^^^^^^^^^^^^^^^^^^^^^^^^^
  File "/data/data/com.termux/files/usr/lib/python3.13/asyncio/streams.py", line 84, in start_server
    return await loop.create_server(factory, host, port, **kwds)
           ^^^^^^^^^^^^^^^^^^^^^^^^^^^^^^^^^^^^^^^^^^^^^^^^^^^^^
  File "/data/data/com.termux/files/usr/lib/python3.13/asyncio/base_events.py", line 1641, in create_server
    raise OSError(err.errno, msg) from None
OSError: [Errno 98] error while attempting to bind on address ('127.0.0.1', 1080): [errno 98] address already in use
Traceback (most recent call last):
  File "/data/data/com.termux/files/home/PhoneServe/core/gateway/mesh_gateway_hardened.py", line 114, in <module>
    asyncio.run(main())
    ~~~~~~~~~~~^^^^^^^^
  File "/data/data/com.termux/files/usr/lib/python3.13/asyncio/runners.py", line 195, in run
    return runner.run(main)
           ~~~~~~~~~~^^^^^^
  File "/data/data/com.termux/files/usr/lib/python3.13/asyncio/runners.py", line 118, in run
    return self._loop.run_until_complete(task)
           ~~~~~~~~~~~~~~~~~~~~~~~~~~~~~^^^^^^
  File "/data/data/com.termux/files/usr/lib/python3.13/asyncio/base_events.py", line 725, in run_until_complete
    return future.result()
           ~~~~~~~~~~~~~^^
  File "/data/data/com.termux/files/home/PhoneServe/core/gateway/mesh_gateway_hardened.py", line 106, in main
    s1 = await asyncio.start_server(proxy_handler, LOCAL_HOST, LOCAL_PORT)
         ^^^^^^^^^^^^^^^^^^^^^^^^^^^^^^^^^^^^^^^^^^^^^^^^^^^^^^^^^^^^^^^^^
  File "/data/data/com.termux/files/usr/lib/python3.13/asyncio/streams.py", line 84, in start_server
    return await loop.create_server(factory, host, port, **kwds)
           ^^^^^^^^^^^^^^^^^^^^^^^^^^^^^^^^^^^^^^^^^^^^^^^^^^^^^
  File "/data/data/com.termux/files/usr/lib/python3.13/asyncio/base_events.py", line 1641, in create_server
    raise OSError(err.errno, msg) from None
OSError: [Errno 98] error while attempting to bind on address ('127.0.0.1', 1080): [errno 98] address already in use
Traceback (most recent call last):
  File "/data/data/com.termux/files/home/PhoneServe/core/gateway/mesh_gateway_hardened.py", line 114, in <module>
    asyncio.run(main())
    ~~~~~~~~~~~^^^^^^^^
  File "/data/data/com.termux/files/usr/lib/python3.13/asyncio/runners.py", line 195, in run
    return runner.run(main)
           ~~~~~~~~~~^^^^^^
  File "/data/data/com.termux/files/usr/lib/python3.13/asyncio/runners.py", line 118, in run
    return self._loop.run_until_complete(task)
           ~~~~~~~~~~~~~~~~~~~~~~~~~~~~~^^^^^^
  File "/data/data/com.termux/files/usr/lib/python3.13/asyncio/base_events.py", line 725, in run_until_complete
    return future.result()
           ~~~~~~~~~~~~~^^
  File "/data/data/com.termux/files/home/PhoneServe/core/gateway/mesh_gateway_hardened.py", line 106, in main
    s1 = await asyncio.start_server(proxy_handler, LOCAL_HOST, LOCAL_PORT)
         ^^^^^^^^^^^^^^^^^^^^^^^^^^^^^^^^^^^^^^^^^^^^^^^^^^^^^^^^^^^^^^^^^
  File "/data/data/com.termux/files/usr/lib/python3.13/asyncio/streams.py", line 84, in start_server
    return await loop.create_server(factory, host, port, **kwds)
           ^^^^^^^^^^^^^^^^^^^^^^^^^^^^^^^^^^^^^^^^^^^^^^^^^^^^^
  File "/data/data/com.termux/files/usr/lib/python3.13/asyncio/base_events.py", line 1641, in create_server
    raise OSError(err.errno, msg) from None
OSError: [Errno 98] error while attempting to bind on address ('127.0.0.1', 1080): [errno 98] address already in use
Traceback (most recent call last):
  File "/data/data/com.termux/files/home/PhoneServe/core/gateway/mesh_gateway_hardened.py", line 114, in <module>
    asyncio.run(main())
    ~~~~~~~~~~~^^^^^^^^
  File "/data/data/com.termux/files/usr/lib/python3.13/asyncio/runners.py", line 195, in run
    return runner.run(main)
           ~~~~~~~~~~^^^^^^
  File "/data/data/com.termux/files/usr/lib/python3.13/asyncio/runners.py", line 118, in run
    return self._loop.run_until_complete(task)
           ~~~~~~~~~~~~~~~~~~~~~~~~~~~~~^^^^^^
  File "/data/data/com.termux/files/usr/lib/python3.13/asyncio/base_events.py", line 725, in run_until_complete
    return future.result()
           ~~~~~~~~~~~~~^^
  File "/data/data/com.termux/files/home/PhoneServe/core/gateway/mesh_gateway_hardened.py", line 106, in main
    s1 = await asyncio.start_server(proxy_handler, LOCAL_HOST, LOCAL_PORT)
         ^^^^^^^^^^^^^^^^^^^^^^^^^^^^^^^^^^^^^^^^^^^^^^^^^^^^^^^^^^^^^^^^^
  File "/data/data/com.termux/files/usr/lib/python3.13/asyncio/streams.py", line 84, in start_server
    return await loop.create_server(factory, host, port, **kwds)
           ^^^^^^^^^^^^^^^^^^^^^^^^^^^^^^^^^^^^^^^^^^^^^^^^^^^^^
  File "/data/data/com.termux/files/usr/lib/python3.13/asyncio/base_events.py", line 1641, in create_server
    raise OSError(err.errno, msg) from None
OSError: [Errno 98] error while attempting to bind on address ('127.0.0.1', 1080): [errno 98] address already in use
Traceback (most recent call last):
  File "/data/data/com.termux/files/home/PhoneServe/core/gateway/mesh_gateway_hardened.py", line 114, in <module>
    asyncio.run(main())
    ~~~~~~~~~~~^^^^^^^^
  File "/data/data/com.termux/files/usr/lib/python3.13/asyncio/runners.py", line 195, in run
    return runner.run(main)
           ~~~~~~~~~~^^^^^^
  File "/data/data/com.termux/files/usr/lib/python3.13/asyncio/runners.py", line 118, in run
    return self._loop.run_until_complete(task)
           ~~~~~~~~~~~~~~~~~~~~~~~~~~~~~^^^^^^
  File "/data/data/com.termux/files/usr/lib/python3.13/asyncio/base_events.py", line 725, in run_until_complete
    return future.result()
           ~~~~~~~~~~~~~^^
  File "/data/data/com.termux/files/home/PhoneServe/core/gateway/mesh_gateway_hardened.py", line 106, in main
    s1 = await asyncio.start_server(proxy_handler, LOCAL_HOST, LOCAL_PORT)
         ^^^^^^^^^^^^^^^^^^^^^^^^^^^^^^^^^^^^^^^^^^^^^^^^^^^^^^^^^^^^^^^^^
  File "/data/data/com.termux/files/usr/lib/python3.13/asyncio/streams.py", line 84, in start_server
    return await loop.create_server(factory, host, port, **kwds)
           ^^^^^^^^^^^^^^^^^^^^^^^^^^^^^^^^^^^^^^^^^^^^^^^^^^^^^
  File "/data/data/com.termux/files/usr/lib/python3.13/asyncio/base_events.py", line 1641, in create_server
    raise OSError(err.errno, msg) from None
OSError: [Errno 98] error while attempting to bind on address ('127.0.0.1', 1080): [errno 98] address already in use
Traceback (most recent call last):
  File "/data/data/com.termux/files/home/PhoneServe/core/gateway/mesh_gateway_hardened.py", line 114, in <module>
    asyncio.run(main())
    ~~~~~~~~~~~^^^^^^^^
  File "/data/data/com.termux/files/usr/lib/python3.13/asyncio/runners.py", line 195, in run
    return runner.run(main)
           ~~~~~~~~~~^^^^^^
  File "/data/data/com.termux/files/usr/lib/python3.13/asyncio/runners.py", line 118, in run
    return self._loop.run_until_complete(task)
           ~~~~~~~~~~~~~~~~~~~~~~~~~~~~~^^^^^^
  File "/data/data/com.termux/files/usr/lib/python3.13/asyncio/base_events.py", line 725, in run_until_complete
    return future.result()
           ~~~~~~~~~~~~~^^
  File "/data/data/com.termux/files/home/PhoneServe/core/gateway/mesh_gateway_hardened.py", line 106, in main
    s1 = await asyncio.start_server(proxy_handler, LOCAL_HOST, LOCAL_PORT)
         ^^^^^^^^^^^^^^^^^^^^^^^^^^^^^^^^^^^^^^^^^^^^^^^^^^^^^^^^^^^^^^^^^
  File "/data/data/com.termux/files/usr/lib/python3.13/asyncio/streams.py", line 84, in start_server
    return await loop.create_server(factory, host, port, **kwds)
           ^^^^^^^^^^^^^^^^^^^^^^^^^^^^^^^^^^^^^^^^^^^^^^^^^^^^^
  File "/data/data/com.termux/files/usr/lib/python3.13/asyncio/base_events.py", line 1641, in create_server
    raise OSError(err.errno, msg) from None
OSError: [Errno 98] error while attempting to bind on address ('127.0.0.1', 1080): [errno 98] address already in use
Traceback (most recent call last):
  File "/data/data/com.termux/files/home/PhoneServe/core/gateway/mesh_gateway_hardened.py", line 114, in <module>
    asyncio.run(main())
    ~~~~~~~~~~~^^^^^^^^
  File "/data/data/com.termux/files/usr/lib/python3.13/asyncio/runners.py", line 195, in run
    return runner.run(main)
           ~~~~~~~~~~^^^^^^
  File "/data/data/com.termux/files/usr/lib/python3.13/asyncio/runners.py", line 118, in run
    return self._loop.run_until_complete(task)
           ~~~~~~~~~~~~~~~~~~~~~~~~~~~~~^^^^^^
  File "/data/data/com.termux/files/usr/lib/python3.13/asyncio/base_events.py", line 725, in run_until_complete
    return future.result()
           ~~~~~~~~~~~~~^^
  File "/data/data/com.termux/files/home/PhoneServe/core/gateway/mesh_gateway_hardened.py", line 106, in main
    s1 = await asyncio.start_server(proxy_handler, LOCAL_HOST, LOCAL_PORT)
         ^^^^^^^^^^^^^^^^^^^^^^^^^^^^^^^^^^^^^^^^^^^^^^^^^^^^^^^^^^^^^^^^^
  File "/data/data/com.termux/files/usr/lib/python3.13/asyncio/streams.py", line 84, in start_server
    return await loop.create_server(factory, host, port, **kwds)
           ^^^^^^^^^^^^^^^^^^^^^^^^^^^^^^^^^^^^^^^^^^^^^^^^^^^^^
  File "/data/data/com.termux/files/usr/lib/python3.13/asyncio/base_events.py", line 1641, in create_server
    raise OSError(err.errno, msg) from None
OSError: [Errno 98] error while attempting to bind on address ('127.0.0.1', 1080): [errno 98] address already in use
Traceback (most recent call last):
  File "/data/data/com.termux/files/home/PhoneServe/core/gateway/mesh_gateway_hardened.py", line 114, in <module>
    asyncio.run(main())
    ~~~~~~~~~~~^^^^^^^^
  File "/data/data/com.termux/files/usr/lib/python3.13/asyncio/runners.py", line 195, in run
    return runner.run(main)
           ~~~~~~~~~~^^^^^^
  File "/data/data/com.termux/files/usr/lib/python3.13/asyncio/runners.py", line 118, in run
    return self._loop.run_until_complete(task)
           ~~~~~~~~~~~~~~~~~~~~~~~~~~~~~^^^^^^
  File "/data/data/com.termux/files/usr/lib/python3.13/asyncio/base_events.py", line 725, in run_until_complete
    return future.result()
           ~~~~~~~~~~~~~^^
  File "/data/data/com.termux/files/home/PhoneServe/core/gateway/mesh_gateway_hardened.py", line 106, in main
    s1 = await asyncio.start_server(proxy_handler, LOCAL_HOST, LOCAL_PORT)
         ^^^^^^^^^^^^^^^^^^^^^^^^^^^^^^^^^^^^^^^^^^^^^^^^^^^^^^^^^^^^^^^^^
  File "/data/data/com.termux/files/usr/lib/python3.13/asyncio/streams.py", line 84, in start_server
    return await loop.create_server(factory, host, port, **kwds)
           ^^^^^^^^^^^^^^^^^^^^^^^^^^^^^^^^^^^^^^^^^^^^^^^^^^^^^
  File "/data/data/com.termux/files/usr/lib/python3.13/asyncio/base_events.py", line 1641, in create_server
    raise OSError(err.errno, msg) from None
OSError: [Errno 98] error while attempting to bind on address ('127.0.0.1', 1080): [errno 98] address already in use
Traceback (most recent call last):
  File "/data/data/com.termux/files/home/PhoneServe/core/gateway/mesh_gateway_hardened.py", line 114, in <module>
    asyncio.run(main())
    ~~~~~~~~~~~^^^^^^^^
  File "/data/data/com.termux/files/usr/lib/python3.13/asyncio/runners.py", line 195, in run
    return runner.run(main)
           ~~~~~~~~~~^^^^^^
  File "/data/data/com.termux/files/usr/lib/python3.13/asyncio/runners.py", line 118, in run
    return self._loop.run_until_complete(task)
           ~~~~~~~~~~~~~~~~~~~~~~~~~~~~~^^^^^^
  File "/data/data/com.termux/files/usr/lib/python3.13/asyncio/base_events.py", line 725, in run_until_complete
    return future.result()
           ~~~~~~~~~~~~~^^
  File "/data/data/com.termux/files/home/PhoneServe/core/gateway/mesh_gateway_hardened.py", line 106, in main
    s1 = await asyncio.start_server(proxy_handler, LOCAL_HOST, LOCAL_PORT)
         ^^^^^^^^^^^^^^^^^^^^^^^^^^^^^^^^^^^^^^^^^^^^^^^^^^^^^^^^^^^^^^^^^
  File "/data/data/com.termux/files/usr/lib/python3.13/asyncio/streams.py", line 84, in start_server
    return await loop.create_server(factory, host, port, **kwds)
           ^^^^^^^^^^^^^^^^^^^^^^^^^^^^^^^^^^^^^^^^^^^^^^^^^^^^^
  File "/data/data/com.termux/files/usr/lib/python3.13/asyncio/base_events.py", line 1641, in create_server
    raise OSError(err.errno, msg) from None
OSError: [Errno 98] error while attempting to bind on address ('127.0.0.1', 1080): [errno 98] address already in use
Traceback (most recent call last):
  File "/data/data/com.termux/files/home/PhoneServe/core/gateway/mesh_gateway_hardened.py", line 114, in <module>
    asyncio.run(main())
    ~~~~~~~~~~~^^^^^^^^
  File "/data/data/com.termux/files/usr/lib/python3.13/asyncio/runners.py", line 195, in run
    return runner.run(main)
           ~~~~~~~~~~^^^^^^
  File "/data/data/com.termux/files/usr/lib/python3.13/asyncio/runners.py", line 118, in run
    return self._loop.run_until_complete(task)
           ~~~~~~~~~~~~~~~~~~~~~~~~~~~~~^^^^^^
  File "/data/data/com.termux/files/usr/lib/python3.13/asyncio/base_events.py", line 725, in run_until_complete
    return future.result()
           ~~~~~~~~~~~~~^^
  File "/data/data/com.termux/files/home/PhoneServe/core/gateway/mesh_gateway_hardened.py", line 106, in main
    s1 = await asyncio.start_server(proxy_handler, LOCAL_HOST, LOCAL_PORT)
         ^^^^^^^^^^^^^^^^^^^^^^^^^^^^^^^^^^^^^^^^^^^^^^^^^^^^^^^^^^^^^^^^^
  File "/data/data/com.termux/files/usr/lib/python3.13/asyncio/streams.py", line 84, in start_server
    return await loop.create_server(factory, host, port, **kwds)
           ^^^^^^^^^^^^^^^^^^^^^^^^^^^^^^^^^^^^^^^^^^^^^^^^^^^^^
  File "/data/data/com.termux/files/usr/lib/python3.13/asyncio/base_events.py", line 1641, in create_server
    raise OSError(err.errno, msg) from None
OSError: [Errno 98] error while attempting to bind on address ('127.0.0.1', 1080): [errno 98] address already in use
Traceback (most recent call last):
  File "/data/data/com.termux/files/home/PhoneServe/core/gateway/mesh_gateway_hardened.py", line 114, in <module>
    asyncio.run(main())
    ~~~~~~~~~~~^^^^^^^^
  File "/data/data/com.termux/files/usr/lib/python3.13/asyncio/runners.py", line 195, in run
    return runner.run(main)
           ~~~~~~~~~~^^^^^^
  File "/data/data/com.termux/files/usr/lib/python3.13/asyncio/runners.py", line 118, in run
    return self._loop.run_until_complete(task)
           ~~~~~~~~~~~~~~~~~~~~~~~~~~~~~^^^^^^
  File "/data/data/com.termux/files/usr/lib/python3.13/asyncio/base_events.py", line 725, in run_until_complete
    return future.result()
           ~~~~~~~~~~~~~^^
  File "/data/data/com.termux/files/home/PhoneServe/core/gateway/mesh_gateway_hardened.py", line 106, in main
    s1 = await asyncio.start_server(proxy_handler, LOCAL_HOST, LOCAL_PORT)
         ^^^^^^^^^^^^^^^^^^^^^^^^^^^^^^^^^^^^^^^^^^^^^^^^^^^^^^^^^^^^^^^^^
  File "/data/data/com.termux/files/usr/lib/python3.13/asyncio/streams.py", line 84, in start_server
    return await loop.create_server(factory, host, port, **kwds)
           ^^^^^^^^^^^^^^^^^^^^^^^^^^^^^^^^^^^^^^^^^^^^^^^^^^^^^
  File "/data/data/com.termux/files/usr/lib/python3.13/asyncio/base_events.py", line 1641, in create_server
    raise OSError(err.errno, msg) from None
OSError: [Errno 98] error while attempting to bind on address ('127.0.0.1', 1080): [errno 98] address already in use
Traceback (most recent call last):
  File "/data/data/com.termux/files/home/PhoneServe/core/gateway/mesh_gateway_hardened.py", line 114, in <module>
    asyncio.run(main())
    ~~~~~~~~~~~^^^^^^^^
  File "/data/data/com.termux/files/usr/lib/python3.13/asyncio/runners.py", line 195, in run
    return runner.run(main)
           ~~~~~~~~~~^^^^^^
  File "/data/data/com.termux/files/usr/lib/python3.13/asyncio/runners.py", line 118, in run
    return self._loop.run_until_complete(task)
           ~~~~~~~~~~~~~~~~~~~~~~~~~~~~~^^^^^^
  File "/data/data/com.termux/files/usr/lib/python3.13/asyncio/base_events.py", line 725, in run_until_complete
    return future.result()
           ~~~~~~~~~~~~~^^
  File "/data/data/com.termux/files/home/PhoneServe/core/gateway/mesh_gateway_hardened.py", line 106, in main
    s1 = await asyncio.start_server(proxy_handler, LOCAL_HOST, LOCAL_PORT)
         ^^^^^^^^^^^^^^^^^^^^^^^^^^^^^^^^^^^^^^^^^^^^^^^^^^^^^^^^^^^^^^^^^
  File "/data/data/com.termux/files/usr/lib/python3.13/asyncio/streams.py", line 84, in start_server
    return await loop.create_server(factory, host, port, **kwds)
           ^^^^^^^^^^^^^^^^^^^^^^^^^^^^^^^^^^^^^^^^^^^^^^^^^^^^^
  File "/data/data/com.termux/files/usr/lib/python3.13/asyncio/base_events.py", line 1641, in create_server
    raise OSError(err.errno, msg) from None
OSError: [Errno 98] error while attempting to bind on address ('127.0.0.1', 1080): [errno 98] address already in use
Traceback (most recent call last):
  File "/data/data/com.termux/files/home/PhoneServe/core/gateway/mesh_gateway_hardened.py", line 114, in <module>
    asyncio.run(main())
    ~~~~~~~~~~~^^^^^^^^
  File "/data/data/com.termux/files/usr/lib/python3.13/asyncio/runners.py", line 195, in run
    return runner.run(main)
           ~~~~~~~~~~^^^^^^
  File "/data/data/com.termux/files/usr/lib/python3.13/asyncio/runners.py", line 118, in run
    return self._loop.run_until_complete(task)
           ~~~~~~~~~~~~~~~~~~~~~~~~~~~~~^^^^^^
  File "/data/data/com.termux/files/usr/lib/python3.13/asyncio/base_events.py", line 725, in run_until_complete
    return future.result()
           ~~~~~~~~~~~~~^^
  File "/data/data/com.termux/files/home/PhoneServe/core/gateway/mesh_gateway_hardened.py", line 106, in main
    s1 = await asyncio.start_server(proxy_handler, LOCAL_HOST, LOCAL_PORT)
         ^^^^^^^^^^^^^^^^^^^^^^^^^^^^^^^^^^^^^^^^^^^^^^^^^^^^^^^^^^^^^^^^^
  File "/data/data/com.termux/files/usr/lib/python3.13/asyncio/streams.py", line 84, in start_server
    return await loop.create_server(factory, host, port, **kwds)
           ^^^^^^^^^^^^^^^^^^^^^^^^^^^^^^^^^^^^^^^^^^^^^^^^^^^^^
  File "/data/data/com.termux/files/usr/lib/python3.13/asyncio/base_events.py", line 1641, in create_server
    raise OSError(err.errno, msg) from None
OSError: [Errno 98] error while attempting to bind on address ('127.0.0.1', 1080): [errno 98] address already in use
Traceback (most recent call last):
  File "/data/data/com.termux/files/home/PhoneServe/core/gateway/mesh_gateway_hardened.py", line 114, in <module>
    asyncio.run(main())
    ~~~~~~~~~~~^^^^^^^^
  File "/data/data/com.termux/files/usr/lib/python3.13/asyncio/runners.py", line 195, in run
    return runner.run(main)
           ~~~~~~~~~~^^^^^^
  File "/data/data/com.termux/files/usr/lib/python3.13/asyncio/runners.py", line 118, in run
    return self._loop.run_until_complete(task)
           ~~~~~~~~~~~~~~~~~~~~~~~~~~~~~^^^^^^
  File "/data/data/com.termux/files/usr/lib/python3.13/asyncio/base_events.py", line 725, in run_until_complete
    return future.result()
           ~~~~~~~~~~~~~^^
  File "/data/data/com.termux/files/home/PhoneServe/core/gateway/mesh_gateway_hardened.py", line 106, in main
    s1 = await asyncio.start_server(proxy_handler, LOCAL_HOST, LOCAL_PORT)
         ^^^^^^^^^^^^^^^^^^^^^^^^^^^^^^^^^^^^^^^^^^^^^^^^^^^^^^^^^^^^^^^^^
  File "/data/data/com.termux/files/usr/lib/python3.13/asyncio/streams.py", line 84, in start_server
    return await loop.create_server(factory, host, port, **kwds)
           ^^^^^^^^^^^^^^^^^^^^^^^^^^^^^^^^^^^^^^^^^^^^^^^^^^^^^
  File "/data/data/com.termux/files/usr/lib/python3.13/asyncio/base_events.py", line 1641, in create_server
    raise OSError(err.errno, msg) from None
OSError: [Errno 98] error while attempting to bind on address ('127.0.0.1', 1080): [errno 98] address already in use
Traceback (most recent call last):
  File "/data/data/com.termux/files/home/PhoneServe/core/gateway/mesh_gateway_hardened.py", line 114, in <module>
    asyncio.run(main())
    ~~~~~~~~~~~^^^^^^^^
  File "/data/data/com.termux/files/usr/lib/python3.13/asyncio/runners.py", line 195, in run
    return runner.run(main)
           ~~~~~~~~~~^^^^^^
  File "/data/data/com.termux/files/usr/lib/python3.13/asyncio/runners.py", line 118, in run
    return self._loop.run_until_complete(task)
           ~~~~~~~~~~~~~~~~~~~~~~~~~~~~~^^^^^^
  File "/data/data/com.termux/files/usr/lib/python3.13/asyncio/base_events.py", line 725, in run_until_complete
    return future.result()
           ~~~~~~~~~~~~~^^
  File "/data/data/com.termux/files/home/PhoneServe/core/gateway/mesh_gateway_hardened.py", line 106, in main
    s1 = await asyncio.start_server(proxy_handler, LOCAL_HOST, LOCAL_PORT)
         ^^^^^^^^^^^^^^^^^^^^^^^^^^^^^^^^^^^^^^^^^^^^^^^^^^^^^^^^^^^^^^^^^
  File "/data/data/com.termux/files/usr/lib/python3.13/asyncio/streams.py", line 84, in start_server
    return await loop.create_server(factory, host, port, **kwds)
           ^^^^^^^^^^^^^^^^^^^^^^^^^^^^^^^^^^^^^^^^^^^^^^^^^^^^^
  File "/data/data/com.termux/files/usr/lib/python3.13/asyncio/base_events.py", line 1641, in create_server
    raise OSError(err.errno, msg) from None
OSError: [Errno 98] error while attempting to bind on address ('127.0.0.1', 1080): [errno 98] address already in use
Traceback (most recent call last):
  File "/data/data/com.termux/files/home/PhoneServe/core/gateway/mesh_gateway_hardened.py", line 114, in <module>
    asyncio.run(main())
    ~~~~~~~~~~~^^^^^^^^
  File "/data/data/com.termux/files/usr/lib/python3.13/asyncio/runners.py", line 195, in run
    return runner.run(main)
           ~~~~~~~~~~^^^^^^
  File "/data/data/com.termux/files/usr/lib/python3.13/asyncio/runners.py", line 118, in run
    return self._loop.run_until_complete(task)
           ~~~~~~~~~~~~~~~~~~~~~~~~~~~~~^^^^^^
  File "/data/data/com.termux/files/usr/lib/python3.13/asyncio/base_events.py", line 725, in run_until_complete
    return future.result()
           ~~~~~~~~~~~~~^^
  File "/data/data/com.termux/files/home/PhoneServe/core/gateway/mesh_gateway_hardened.py", line 106, in main
    s1 = await asyncio.start_server(proxy_handler, LOCAL_HOST, LOCAL_PORT)
         ^^^^^^^^^^^^^^^^^^^^^^^^^^^^^^^^^^^^^^^^^^^^^^^^^^^^^^^^^^^^^^^^^
  File "/data/data/com.termux/files/usr/lib/python3.13/asyncio/streams.py", line 84, in start_server
    return await loop.create_server(factory, host, port, **kwds)
           ^^^^^^^^^^^^^^^^^^^^^^^^^^^^^^^^^^^^^^^^^^^^^^^^^^^^^
  File "/data/data/com.termux/files/usr/lib/python3.13/asyncio/base_events.py", line 1641, in create_server
    raise OSError(err.errno, msg) from None
OSError: [Errno 98] error while attempting to bind on address ('127.0.0.1', 1080): [errno 98] address already in use
Traceback (most recent call last):
  File "/data/data/com.termux/files/home/PhoneServe/core/gateway/mesh_gateway_hardened.py", line 114, in <module>
    asyncio.run(main())
    ~~~~~~~~~~~^^^^^^^^
  File "/data/data/com.termux/files/usr/lib/python3.13/asyncio/runners.py", line 195, in run
    return runner.run(main)
           ~~~~~~~~~~^^^^^^
  File "/data/data/com.termux/files/usr/lib/python3.13/asyncio/runners.py", line 118, in run
    return self._loop.run_until_complete(task)
           ~~~~~~~~~~~~~~~~~~~~~~~~~~~~~^^^^^^
  File "/data/data/com.termux/files/usr/lib/python3.13/asyncio/base_events.py", line 725, in run_until_complete
    return future.result()
           ~~~~~~~~~~~~~^^
  File "/data/data/com.termux/files/home/PhoneServe/core/gateway/mesh_gateway_hardened.py", line 106, in main
    s1 = await asyncio.start_server(proxy_handler, LOCAL_HOST, LOCAL_PORT)
         ^^^^^^^^^^^^^^^^^^^^^^^^^^^^^^^^^^^^^^^^^^^^^^^^^^^^^^^^^^^^^^^^^
  File "/data/data/com.termux/files/usr/lib/python3.13/asyncio/streams.py", line 84, in start_server
    return await loop.create_server(factory, host, port, **kwds)
           ^^^^^^^^^^^^^^^^^^^^^^^^^^^^^^^^^^^^^^^^^^^^^^^^^^^^^
  File "/data/data/com.termux/files/usr/lib/python3.13/asyncio/base_events.py", line 1641, in create_server
    raise OSError(err.errno, msg) from None
OSError: [Errno 98] error while attempting to bind on address ('127.0.0.1', 1080): [errno 98] address already in use
Traceback (most recent call last):
  File "/data/data/com.termux/files/home/PhoneServe/core/gateway/mesh_gateway_hardened.py", line 114, in <module>
    asyncio.run(main())
    ~~~~~~~~~~~^^^^^^^^
  File "/data/data/com.termux/files/usr/lib/python3.13/asyncio/runners.py", line 195, in run
    return runner.run(main)
           ~~~~~~~~~~^^^^^^
  File "/data/data/com.termux/files/usr/lib/python3.13/asyncio/runners.py", line 118, in run
    return self._loop.run_until_complete(task)
           ~~~~~~~~~~~~~~~~~~~~~~~~~~~~~^^^^^^
  File "/data/data/com.termux/files/usr/lib/python3.13/asyncio/base_events.py", line 725, in run_until_complete
    return future.result()
           ~~~~~~~~~~~~~^^
  File "/data/data/com.termux/files/home/PhoneServe/core/gateway/mesh_gateway_hardened.py", line 106, in main
    s1 = await asyncio.start_server(proxy_handler, LOCAL_HOST, LOCAL_PORT)
         ^^^^^^^^^^^^^^^^^^^^^^^^^^^^^^^^^^^^^^^^^^^^^^^^^^^^^^^^^^^^^^^^^
  File "/data/data/com.termux/files/usr/lib/python3.13/asyncio/streams.py", line 84, in start_server
    return await loop.create_server(factory, host, port, **kwds)
           ^^^^^^^^^^^^^^^^^^^^^^^^^^^^^^^^^^^^^^^^^^^^^^^^^^^^^
  File "/data/data/com.termux/files/usr/lib/python3.13/asyncio/base_events.py", line 1641, in create_server
    raise OSError(err.errno, msg) from None
OSError: [Errno 98] error while attempting to bind on address ('127.0.0.1', 1080): [errno 98] address already in use
Traceback (most recent call last):
  File "/data/data/com.termux/files/home/PhoneServe/core/gateway/mesh_gateway_hardened.py", line 114, in <module>
    asyncio.run(main())
    ~~~~~~~~~~~^^^^^^^^
  File "/data/data/com.termux/files/usr/lib/python3.13/asyncio/runners.py", line 195, in run
    return runner.run(main)
           ~~~~~~~~~~^^^^^^
  File "/data/data/com.termux/files/usr/lib/python3.13/asyncio/runners.py", line 118, in run
    return self._loop.run_until_complete(task)
           ~~~~~~~~~~~~~~~~~~~~~~~~~~~~~^^^^^^
  File "/data/data/com.termux/files/usr/lib/python3.13/asyncio/base_events.py", line 725, in run_until_complete
    return future.result()
           ~~~~~~~~~~~~~^^
  File "/data/data/com.termux/files/home/PhoneServe/core/gateway/mesh_gateway_hardened.py", line 106, in main
    s1 = await asyncio.start_server(proxy_handler, LOCAL_HOST, LOCAL_PORT)
         ^^^^^^^^^^^^^^^^^^^^^^^^^^^^^^^^^^^^^^^^^^^^^^^^^^^^^^^^^^^^^^^^^
  File "/data/data/com.termux/files/usr/lib/python3.13/asyncio/streams.py", line 84, in start_server
    return await loop.create_server(factory, host, port, **kwds)
           ^^^^^^^^^^^^^^^^^^^^^^^^^^^^^^^^^^^^^^^^^^^^^^^^^^^^^
  File "/data/data/com.termux/files/usr/lib/python3.13/asyncio/base_events.py", line 1641, in create_server
    raise OSError(err.errno, msg) from None
OSError: [Errno 98] error while attempting to bind on address ('127.0.0.1', 1080): [errno 98] address already in use
Traceback (most recent call last):
  File "/data/data/com.termux/files/home/PhoneServe/core/gateway/mesh_gateway_hardened.py", line 114, in <module>
    asyncio.run(main())
    ~~~~~~~~~~~^^^^^^^^
  File "/data/data/com.termux/files/usr/lib/python3.13/asyncio/runners.py", line 195, in run
    return runner.run(main)
           ~~~~~~~~~~^^^^^^
  File "/data/data/com.termux/files/usr/lib/python3.13/asyncio/runners.py", line 118, in run
    return self._loop.run_until_complete(task)
           ~~~~~~~~~~~~~~~~~~~~~~~~~~~~~^^^^^^
  File "/data/data/com.termux/files/usr/lib/python3.13/asyncio/base_events.py", line 725, in run_until_complete
    return future.result()
           ~~~~~~~~~~~~~^^
  File "/data/data/com.termux/files/home/PhoneServe/core/gateway/mesh_gateway_hardened.py", line 106, in main
    s1 = await asyncio.start_server(proxy_handler, LOCAL_HOST, LOCAL_PORT)
         ^^^^^^^^^^^^^^^^^^^^^^^^^^^^^^^^^^^^^^^^^^^^^^^^^^^^^^^^^^^^^^^^^
  File "/data/data/com.termux/files/usr/lib/python3.13/asyncio/streams.py", line 84, in start_server
    return await loop.create_server(factory, host, port, **kwds)
           ^^^^^^^^^^^^^^^^^^^^^^^^^^^^^^^^^^^^^^^^^^^^^^^^^^^^^
  File "/data/data/com.termux/files/usr/lib/python3.13/asyncio/base_events.py", line 1641, in create_server
    raise OSError(err.errno, msg) from None
OSError: [Errno 98] error while attempting to bind on address ('127.0.0.1', 1080): [errno 98] address already in use
Traceback (most recent call last):
  File "/data/data/com.termux/files/home/PhoneServe/core/gateway/mesh_gateway_hardened.py", line 114, in <module>
    asyncio.run(main())
    ~~~~~~~~~~~^^^^^^^^
  File "/data/data/com.termux/files/usr/lib/python3.13/asyncio/runners.py", line 195, in run
    return runner.run(main)
           ~~~~~~~~~~^^^^^^
  File "/data/data/com.termux/files/usr/lib/python3.13/asyncio/runners.py", line 118, in run
    return self._loop.run_until_complete(task)
           ~~~~~~~~~~~~~~~~~~~~~~~~~~~~~^^^^^^
  File "/data/data/com.termux/files/usr/lib/python3.13/asyncio/base_events.py", line 725, in run_until_complete
    return future.result()
           ~~~~~~~~~~~~~^^
  File "/data/data/com.termux/files/home/PhoneServe/core/gateway/mesh_gateway_hardened.py", line 106, in main
    s1 = await asyncio.start_server(proxy_handler, LOCAL_HOST, LOCAL_PORT)
         ^^^^^^^^^^^^^^^^^^^^^^^^^^^^^^^^^^^^^^^^^^^^^^^^^^^^^^^^^^^^^^^^^
  File "/data/data/com.termux/files/usr/lib/python3.13/asyncio/streams.py", line 84, in start_server
    return await loop.create_server(factory, host, port, **kwds)
           ^^^^^^^^^^^^^^^^^^^^^^^^^^^^^^^^^^^^^^^^^^^^^^^^^^^^^
  File "/data/data/com.termux/files/usr/lib/python3.13/asyncio/base_events.py", line 1641, in create_server
    raise OSError(err.errno, msg) from None
OSError: [Errno 98] error while attempting to bind on address ('127.0.0.1', 1080): [errno 98] address already in use
Traceback (most recent call last):
  File "/data/data/com.termux/files/home/PhoneServe/core/gateway/mesh_gateway_hardened.py", line 114, in <module>
    asyncio.run(main())
    ~~~~~~~~~~~^^^^^^^^
  File "/data/data/com.termux/files/usr/lib/python3.13/asyncio/runners.py", line 195, in run
    return runner.run(main)
           ~~~~~~~~~~^^^^^^
  File "/data/data/com.termux/files/usr/lib/python3.13/asyncio/runners.py", line 118, in run
    return self._loop.run_until_complete(task)
           ~~~~~~~~~~~~~~~~~~~~~~~~~~~~~^^^^^^
  File "/data/data/com.termux/files/usr/lib/python3.13/asyncio/base_events.py", line 725, in run_until_complete
    return future.result()
           ~~~~~~~~~~~~~^^
  File "/data/data/com.termux/files/home/PhoneServe/core/gateway/mesh_gateway_hardened.py", line 106, in main
    s1 = await asyncio.start_server(proxy_handler, LOCAL_HOST, LOCAL_PORT)
         ^^^^^^^^^^^^^^^^^^^^^^^^^^^^^^^^^^^^^^^^^^^^^^^^^^^^^^^^^^^^^^^^^
  File "/data/data/com.termux/files/usr/lib/python3.13/asyncio/streams.py", line 84, in start_server
    return await loop.create_server(factory, host, port, **kwds)
           ^^^^^^^^^^^^^^^^^^^^^^^^^^^^^^^^^^^^^^^^^^^^^^^^^^^^^
  File "/data/data/com.termux/files/usr/lib/python3.13/asyncio/base_events.py", line 1641, in create_server
    raise OSError(err.errno, msg) from None
OSError: [Errno 98] error while attempting to bind on address ('127.0.0.1', 1080): [errno 98] address already in use
Traceback (most recent call last):
  File "/data/data/com.termux/files/home/PhoneServe/core/gateway/mesh_gateway_hardened.py", line 114, in <module>
    asyncio.run(main())
    ~~~~~~~~~~~^^^^^^^^
  File "/data/data/com.termux/files/usr/lib/python3.13/asyncio/runners.py", line 195, in run
    return runner.run(main)
           ~~~~~~~~~~^^^^^^
  File "/data/data/com.termux/files/usr/lib/python3.13/asyncio/runners.py", line 118, in run
    return self._loop.run_until_complete(task)
           ~~~~~~~~~~~~~~~~~~~~~~~~~~~~~^^^^^^
  File "/data/data/com.termux/files/usr/lib/python3.13/asyncio/base_events.py", line 725, in run_until_complete
    return future.result()
           ~~~~~~~~~~~~~^^
  File "/data/data/com.termux/files/home/PhoneServe/core/gateway/mesh_gateway_hardened.py", line 106, in main
    s1 = await asyncio.start_server(proxy_handler, LOCAL_HOST, LOCAL_PORT)
         ^^^^^^^^^^^^^^^^^^^^^^^^^^^^^^^^^^^^^^^^^^^^^^^^^^^^^^^^^^^^^^^^^
  File "/data/data/com.termux/files/usr/lib/python3.13/asyncio/streams.py", line 84, in start_server
    return await loop.create_server(factory, host, port, **kwds)
           ^^^^^^^^^^^^^^^^^^^^^^^^^^^^^^^^^^^^^^^^^^^^^^^^^^^^^
  File "/data/data/com.termux/files/usr/lib/python3.13/asyncio/base_events.py", line 1641, in create_server
    raise OSError(err.errno, msg) from None
OSError: [Errno 98] error while attempting to bind on address ('127.0.0.1', 1080): [errno 98] address already in use
