[Value Engine] Multi-String Daemon listening on ws://127.0.0.1:8080...
[HTTP Server] Hosting UI at http://127.0.0.1:8000/admin.html
[Acoustic Listener] Active on Mic (Preamble Thresh: 5.0).
[Miner] Mined telecom_sms | Proof: 949d4c14da3d... | +$0.000200
[Miner] Mined ai_compute | Proof: 7ce98176eea3... | +$0.001000
[Miner] Mined ai_compute | Proof: 9df6fd8ffaa4... | +$0.001000
[Miner] Mined telecom_voice | Proof: e860863c6d5c... | +$0.002000
[Miner] Mined telecom_voice | Proof: c86f08e8180b... | +$0.002000
[Miner] Mined telecom_voice | Proof: 037d2afda01a... | +$0.002000
[Miner] Mined telecom_voice | Proof: aee2f6d79815... | +$0.002000
[Miner] Mined ai_compute | Proof: 6f2ddefd6fed... | +$0.001000
[Miner] Mined telecom_voice | Proof: babb4d46cc4a... | +$0.002000
[Miner] Mined proxy_bandwidth | Proof: b01cef2b2c72... | +$0.000500
[Miner] Mined telecom_sms | Proof: 2051493d0669... | +$0.000200
[Miner] Mined proxy_bandwidth | Proof: 7e6fa94a75c9... | +$0.000500
[Miner] Mined telecom_voice | Proof: 1bbe524e4367... | +$0.002000
[Miner] Mined proxy_bandwidth | Proof: b9bb5024a518... | +$0.000500
[Miner] Mined ai_compute | Proof: 22c76a9a4ec8... | +$0.001000
[Miner] Mined ai_compute | Proof: 14952e7324fd... | +$0.001000
[Miner] Mined telecom_sms | Proof: 6bbff8da121c... | +$0.000200
[Miner] Mined proxy_bandwidth | Proof: e35e2c942cb9... | +$0.000500
[Miner] Mined telecom_voice | Proof: b8a69cb9acc3... | +$0.002000
[Miner] Mined ai_compute | Proof: 6af14e68402e... | +$0.001000
[Miner] Mined ai_compute | Proof: b186b0e5a246... | +$0.001000
[Miner] Mined telecom_voice | Proof: 27b659689a81... | +$0.002000
[Miner] Mined telecom_sms | Proof: 8ffdb8135d92... | +$0.000200
[Miner] Mined proxy_bandwidth | Proof: b9cedae5f276... | +$0.000500
[Miner] Mined telecom_sms | Proof: e4e2b7f4066b... | +$0.000200
[Miner] Mined proxy_bandwidth | Proof: e71d029fbff2... | +$0.000500
[Miner] Mined ai_compute | Proof: 0a04d2406d6d... | +$0.001000
[Miner] Mined telecom_sms | Proof: 32eecda7154d... | +$0.000200
[Miner] Mined proxy_bandwidth | Proof: 1f3abad598eb... | +$0.000500
[Miner] Mined telecom_sms | Proof: 9505e80ea123... | +$0.000200
[Miner] Mined telecom_sms | Proof: 3ad36278382a... | +$0.000200
[Miner] Mined telecom_voice | Proof: e3cca826d858... | +$0.002000
[Miner] Mined proxy_bandwidth | Proof: d77eccb8075b... | +$0.000500
[Miner] Mined telecom_voice | Proof: 584f6038a212... | +$0.002000
[Miner] Mined telecom_sms | Proof: 085dc10b4b81... | +$0.000200
[Miner] Mined proxy_bandwidth | Proof: 5e3d6712ffec... | +$0.000500
[Miner] Mined telecom_sms | Proof: 02ec3dc4ef25... | +$0.000200
[Miner] Mined ai_compute | Proof: 5d459124b731... | +$0.001000
[Miner] Mined ai_compute | Proof: c4029858b330... | +$0.001000
[Miner] Mined proxy_bandwidth | Proof: 7329411a8e17... | +$0.000500
[Miner] Mined telecom_sms | Proof: cc1ee007d906... | +$0.000200
[Miner] Mined telecom_sms | Proof: e32c4223d824... | +$0.000200
[Miner] Mined telecom_voice | Proof: f44206e851bb... | +$0.002000
[Miner] Mined telecom_sms | Proof: 552dc87d9b35... | +$0.000200
[Miner] Mined telecom_sms | Proof: 01776c85b029... | +$0.000200
[Miner] Mined proxy_bandwidth | Proof: 7031211f724f... | +$0.000500
[Miner] Mined telecom_sms | Proof: 6318284d1b43... | +$0.000200
[Miner] Mined ai_compute | Proof: 4d055a0b5887... | +$0.001000
[Miner] Mined ai_compute | Proof: c8eaff10a129... | +$0.001000
[Miner] Mined proxy_bandwidth | Proof: 5d1ee81dc8dd... | +$0.000500
[Miner] Mined telecom_sms | Proof: b2044d624100... | +$0.000200
[Miner] Mined proxy_bandwidth | Proof: 19a403f260e6... | +$0.000500
[Miner] Mined telecom_voice | Proof: 07537e16a3db... | +$0.002000
[Miner] Mined telecom_voice | Proof: 3a1fe6e1da13... | +$0.002000
[Miner] Mined ai_compute | Proof: 604d49813b08... | +$0.001000
[Miner] Mined telecom_sms | Proof: 2226f7d399dd... | +$0.000200
[Miner] Mined ai_compute | Proof: 77baa50ef3f4... | +$0.001000
[Miner] Mined telecom_voice | Proof: 47efd91667e7... | +$0.002000
[Miner] Mined telecom_voice | Proof: 7e70f780097f... | +$0.002000
[Miner] Mined proxy_bandwidth | Proof: 6119d1e36e67... | +$0.000500
[Miner] Mined telecom_voice | Proof: d7ddf59e0489... | +$0.002000
[Miner] Mined telecom_sms | Proof: 70d4bb1bab89... | +$0.000200
[Miner] Mined telecom_sms | Proof: 0e2526325049... | +$0.000200
[Miner] Mined telecom_voice | Proof: 3595595149d4... | +$0.002000
[Miner] Mined telecom_sms | Proof: 1b509b065b3f... | +$0.000200
[Miner] Mined ai_compute | Proof: 5ca7b2670dff... | +$0.001000
[Miner] Mined telecom_voice | Proof: de572c76639d... | +$0.002000
[Miner] Mined telecom_voice | Proof: 76a1dbc473c4... | +$0.002000
[Miner] Mined proxy_bandwidth | Proof: 0b764c131c95... | +$0.000500
[Miner] Mined ai_compute | Proof: 3d5f7867493f... | +$0.001000
[Miner] Mined ai_compute | Proof: 42b6e53d4134... | +$0.001000
[Miner] Mined ai_compute | Proof: 383b350afcd0... | +$0.001000
[Miner] Mined telecom_voice | Proof: 276197097ea3... | +$0.002000
[Miner] Mined ai_compute | Proof: 718fc254a0af... | +$0.001000
[Miner] Mined proxy_bandwidth | Proof: 0aaacc61efc8... | +$0.000500
[Miner] Mined ai_compute | Proof: 4bdde5819fc3... | +$0.001000
[Miner] Mined telecom_sms | Proof: 51814543317e... | +$0.000200
[Miner] Mined telecom_sms | Proof: 068c303e7dae... | +$0.000200
[Miner] Mined proxy_bandwidth | Proof: 154102c22a63... | +$0.000500
[Miner] Mined proxy_bandwidth | Proof: 011ec25e88ed... | +$0.000500
[Miner] Mined telecom_sms | Proof: 1da7d4b71f3d... | +$0.000200
[Miner] Mined telecom_voice | Proof: 3bb945eaa015... | +$0.002000
[Miner] Mined telecom_voice | Proof: 38287ac666fe... | +$0.002000
[Miner] Mined ai_compute | Proof: 6816d7507f1e... | +$0.001000
[Miner] Mined ai_compute | Proof: b8cb16670522... | +$0.001000
[Miner] Mined ai_compute | Proof: 495cf1e2a808... | +$0.001000
[Miner] Mined ai_compute | Proof: ef223f2611fe... | +$0.001000
[Miner] Mined ai_compute | Proof: 89985c245ce8... | +$0.001000
[Miner] Mined ai_compute | Proof: 83e3ef7ac632... | +$0.001000
[Miner] Mined proxy_bandwidth | Proof: 26f293759047... | +$0.000500
[Miner] Mined telecom_voice | Proof: 21fc3e35d3b3... | +$0.002000
[Miner] Mined ai_compute | Proof: 787ec90dc13f... | +$0.001000
[Miner] Mined telecom_voice | Proof: 3680389c1d5d... | +$0.002000
[Miner] Mined proxy_bandwidth | Proof: 08d5aeda6940... | +$0.000500
[Miner] Mined ai_compute | Proof: a76f1fd01344... | +$0.001000
[Miner] Mined proxy_bandwidth | Proof: ec33412b52b3... | +$0.000500
[Miner] Mined proxy_bandwidth | Proof: 26a2684604cb... | +$0.000500
[Miner] Mined telecom_sms | Proof: e3824fd8cfb2... | +$0.000200
[Miner] Mined telecom_voice | Proof: c67ebfc1a09b... | +$0.002000
[Miner] Mined proxy_bandwidth | Proof: fee082ee8233... | +$0.000500
[Miner] Mined proxy_bandwidth | Proof: 6f820e07c2d3... | +$0.000500
[Miner] Mined proxy_bandwidth | Proof: f12659c8761e... | +$0.000500
[Miner] Mined telecom_sms | Proof: cf0a5ef70cbb... | +$0.000200
[Miner] Mined ai_compute | Proof: 5b4e8b64a0ca... | +$0.001000
[Miner] Mined proxy_bandwidth | Proof: b1625d602c6c... | +$0.000500
[Miner] Mined proxy_bandwidth | Proof: 8f58ac3a7c74... | +$0.000500
[Miner] Mined telecom_voice | Proof: f274ba44e2fc... | +$0.002000
[Miner] Mined ai_compute | Proof: e16065999026... | +$0.001000
[Miner] Mined telecom_sms | Proof: 964801ce6818... | +$0.000200
[Miner] Mined ai_compute | Proof: 509a80db7945... | +$0.001000
[Miner] Mined ai_compute | Proof: 76ffdc18d3df... | +$0.001000
[Miner] Mined telecom_sms | Proof: 8735c4eeea31... | +$0.000200
[Miner] Mined proxy_bandwidth | Proof: 6564c2fce575... | +$0.000500
[Miner] Mined telecom_sms | Proof: 30187ced275d... | +$0.000200
[Miner] Mined telecom_sms | Proof: 55c0eb1e5927... | +$0.000200
[Miner] Mined telecom_voice | Proof: 6b8e9155e128... | +$0.002000
[Miner] Mined ai_compute | Proof: cfdf835f62aa... | +$0.001000
[Miner] Mined telecom_sms | Proof: 927394f889f6... | +$0.000200
[Miner] Mined telecom_voice | Proof: 5e45207361ea... | +$0.002000
[Miner] Mined ai_compute | Proof: a82ee63052bb... | +$0.001000
[Miner] Mined telecom_sms | Proof: 8e5c7b8465a8... | +$0.000200
[Miner] Mined proxy_bandwidth | Proof: 39b3e2f6a25d... | +$0.000500
[Miner] Mined proxy_bandwidth | Proof: ce7091cd1164... | +$0.000500
[Miner] Mined telecom_voice | Proof: 0cbdb13557db... | +$0.002000
[Miner] Mined telecom_voice | Proof: 23760e98905f... | +$0.002000
[Miner] Mined ai_compute | Proof: 6f91c1865fcd... | +$0.001000
[Miner] Mined proxy_bandwidth | Proof: 007ac512ca79... | +$0.000500
[Miner] Mined telecom_sms | Proof: 539512469473... | +$0.000200
[Miner] Mined ai_compute | Proof: ffa89f111e43... | +$0.001000
[Miner] Mined ai_compute | Proof: 776a20fcaeb1... | +$0.001000
[Miner] Mined telecom_sms | Proof: 164f68b326de... | +$0.000200
[Miner] Mined telecom_voice | Proof: 84894abc4c87... | +$0.002000
[Miner] Mined proxy_bandwidth | Proof: f0e990a4d66c... | +$0.000500
[Miner] Mined proxy_bandwidth | Proof: db5d5cb22dd9... | +$0.000500
[Miner] Mined ai_compute | Proof: f41d576f957f... | +$0.001000
[Miner] Mined ai_compute | Proof: 004cd6ee1bb4... | +$0.001000
[Miner] Mined ai_compute | Proof: 1bb7b8acf7ab... | +$0.001000
[Miner] Mined telecom_sms | Proof: d26ca6b9f263... | +$0.000200
[Miner] Mined proxy_bandwidth | Proof: ad3eaa77175b... | +$0.000500
[Miner] Mined telecom_sms | Proof: ed0db97eccba... | +$0.000200
[Miner] Mined proxy_bandwidth | Proof: ae4cf0cbfa3c... | +$0.000500
[Miner] Mined telecom_sms | Proof: 2651e441656b... | +$0.000200
[Miner] Mined telecom_sms | Proof: c1a460ee2315... | +$0.000200
[Miner] Mined ai_compute | Proof: 24b7045b5e56... | +$0.001000
[Miner] Mined proxy_bandwidth | Proof: 91e05a27d719... | +$0.000500
[Miner] Mined proxy_bandwidth | Proof: f1cb66f20ac3... | +$0.000500
[Miner] Mined telecom_voice | Proof: 5d3516182615... | +$0.002000
[Miner] Mined telecom_voice | Proof: b201d1a91b42... | +$0.002000
[Miner] Mined telecom_sms | Proof: d7da6bce6384... | +$0.000200
[Miner] Mined proxy_bandwidth | Proof: c6239fa7d1fb... | +$0.000500
[Miner] Mined telecom_voice | Proof: 2d12219f7d1e... | +$0.002000
[Miner] Mined telecom_voice | Proof: 096a0e9ca6d2... | +$0.002000
[Miner] Mined proxy_bandwidth | Proof: f399960c7178... | +$0.000500
[Miner] Mined telecom_sms | Proof: 844f925c2730... | +$0.000200
[Miner] Mined telecom_sms | Proof: f7fb7c552e14... | +$0.000200
[Miner] Mined ai_compute | Proof: 4a5f8f6541d4... | +$0.001000
[Miner] Mined ai_compute | Proof: 599d76eef7ba... | +$0.001000
[Miner] Mined ai_compute | Proof: c0ed158025a9... | +$0.001000
[Miner] Mined proxy_bandwidth | Proof: 0b2548817097... | +$0.000500
[Miner] Mined telecom_sms | Proof: a32060333799... | +$0.000200
[Miner] Mined ai_compute | Proof: 08566ce0c42a... | +$0.001000
[Miner] Mined telecom_voice | Proof: 226d00e9c0fd... | +$0.002000
[Miner] Mined telecom_voice | Proof: 3f392141f5bf... | +$0.002000
[Miner] Mined telecom_voice | Proof: 77c7318a7932... | +$0.002000
[Miner] Mined proxy_bandwidth | Proof: aa1a3f88e998... | +$0.000500
[Miner] Mined telecom_sms | Proof: db13d8d6a966... | +$0.000200
[Miner] Mined proxy_bandwidth | Proof: 2bf741e4f041... | +$0.000500
[Miner] Mined ai_compute | Proof: 90747ffa690a... | +$0.001000
[Miner] Mined proxy_bandwidth | Proof: 8ec564abdc5a... | +$0.000500
[Miner] Mined telecom_voice | Proof: 74e336dd83f3... | +$0.002000
[Miner] Mined telecom_voice | Proof: 21461055bc23... | +$0.002000
[Miner] Mined telecom_sms | Proof: 55d74922da22... | +$0.000200
[Miner] Mined telecom_voice | Proof: ff405b9dca05... | +$0.002000
[Miner] Mined ai_compute | Proof: 24a15e602770... | +$0.001000
[Miner] Mined proxy_bandwidth | Proof: 3fb758e79891... | +$0.000500
[Miner] Mined telecom_sms | Proof: c2cc78fdd91f... | +$0.000200
[Miner] Mined proxy_bandwidth | Proof: 647166cfba95... | +$0.000500
[Miner] Mined ai_compute | Proof: f34e1aa3a56b... | +$0.001000
[Miner] Mined telecom_voice | Proof: c070634125cd... | +$0.002000
[Miner] Mined ai_compute | Proof: 652e654933a3... | +$0.001000
[Miner] Mined proxy_bandwidth | Proof: 5f68b848dc39... | +$0.000500
[Miner] Mined ai_compute | Proof: 28a91343d507... | +$0.001000
[Miner] Mined proxy_bandwidth | Proof: d559d3e27e19... | +$0.000500
[Miner] Mined ai_compute | Proof: fa38ce423012... | +$0.001000
[Miner] Mined telecom_sms | Proof: f89e6c57d470... | +$0.000200
[Miner] Mined telecom_sms | Proof: 696b85d9694c... | +$0.000200
[Miner] Mined telecom_voice | Proof: 1b996311d163... | +$0.002000
[Miner] Mined telecom_sms | Proof: bf2f50723eca... | +$0.000200
[Miner] Mined ai_compute | Proof: 083cb0e3dc98... | +$0.001000
[Miner] Mined proxy_bandwidth | Proof: 5cd50067e650... | +$0.000500
[Miner] Mined proxy_bandwidth | Proof: 357e8d3f2010... | +$0.000500
[Miner] Mined telecom_sms | Proof: 8250fac13ba3... | +$0.000200
[Miner] Mined telecom_voice | Proof: b345b3871715... | +$0.002000
[Miner] Mined ai_compute | Proof: cfb2b7f1d31d... | +$0.001000
[Miner] Mined telecom_voice | Proof: 938099341b44... | +$0.002000
[Miner] Mined proxy_bandwidth | Proof: e73f9a425c1f... | +$0.000500
[Miner] Mined telecom_sms | Proof: f92102a4658a... | +$0.000200
[Miner] Mined ai_compute | Proof: 52dc199b78be... | +$0.001000
[Miner] Mined telecom_sms | Proof: 075bc5f6cf52... | +$0.000200
[Miner] Mined ai_compute | Proof: f07b9d1e5f71... | +$0.001000
[Miner] Mined telecom_voice | Proof: be028bcc43be... | +$0.002000
[Miner] Mined proxy_bandwidth | Proof: 76d4551dd89f... | +$0.000500
[Miner] Mined ai_compute | Proof: f620dddd6b50... | +$0.001000
[Miner] Mined ai_compute | Proof: d1e60a6f8929... | +$0.001000
[Miner] Mined ai_compute | Proof: 77cce85bd047... | +$0.001000
[Miner] Mined telecom_sms | Proof: 37180606591e... | +$0.000200
[Miner] Mined ai_compute | Proof: b533c252dc93... | +$0.001000
[Miner] Mined ai_compute | Proof: c5bf19d8333c... | +$0.001000
[Miner] Mined ai_compute | Proof: 43698b2b63b6... | +$0.001000
[Miner] Mined ai_compute | Proof: be464ce8d61c... | +$0.001000
[Miner] Mined ai_compute | Proof: 35f34dffc873... | +$0.001000
[Miner] Mined ai_compute | Proof: b521bfad35b5... | +$0.001000
[Miner] Mined telecom_sms | Proof: 56f51d7e1b00... | +$0.000200
[Miner] Mined proxy_bandwidth | Proof: ee5d46cb197a... | +$0.000500
[Miner] Mined telecom_sms | Proof: 31e8cda83984... | +$0.000200
[Miner] Mined telecom_sms | Proof: aa4afe9ff858... | +$0.000200
[Miner] Mined proxy_bandwidth | Proof: 89a4aa1ba5d5... | +$0.000500
[Miner] Mined proxy_bandwidth | Proof: c86ed008742c... | +$0.000500
[Miner] Mined telecom_sms | Proof: da992da046ef... | +$0.000200
[Miner] Mined proxy_bandwidth | Proof: fb3d24a8116a... | +$0.000500
[Miner] Mined telecom_sms | Proof: a8b38e483700... | +$0.000200
[Miner] Mined ai_compute | Proof: 57e5be4352fb... | +$0.001000
[Miner] Mined telecom_sms | Proof: 110172dd8793... | +$0.000200
[Miner] Mined telecom_voice | Proof: 21e7cbd1cf5a... | +$0.002000
[Miner] Mined telecom_sms | Proof: a2c21c590bf8... | +$0.000200
[Miner] Mined ai_compute | Proof: deab7a6ce61a... | +$0.001000
[Miner] Mined telecom_voice | Proof: 294b35a4e455... | +$0.002000
[Miner] Mined telecom_voice | Proof: 0fd2f4b11a64... | +$0.002000
[Miner] Mined telecom_sms | Proof: 4407024c13eb... | +$0.000200
[Miner] Mined telecom_voice | Proof: 16e6efaf476b... | +$0.002000
[Miner] Mined ai_compute | Proof: 4aa2057b5228... | +$0.001000
[Miner] Mined ai_compute | Proof: 4975fa92179d... | +$0.001000
[Miner] Mined telecom_sms | Proof: 2aab7aba80f3... | +$0.000200
[Miner] Mined telecom_sms | Proof: c66b91852017... | +$0.000200
[Miner] Mined telecom_sms | Proof: 554eeef20a75... | +$0.000200
[Miner] Mined telecom_sms | Proof: 4331f9728332... | +$0.000200
[Miner] Mined telecom_voice | Proof: e46e587a3cd2... | +$0.002000
[Miner] Mined telecom_sms | Proof: 86cc390a3b48... | +$0.000200
[Miner] Mined proxy_bandwidth | Proof: afdf41aca30c... | +$0.000500
[Miner] Mined telecom_voice | Proof: 6237a4bcbb38... | +$0.002000
[Miner] Mined ai_compute | Proof: 6a1ad9ab5e5e... | +$0.001000
[Miner] Mined telecom_voice | Proof: 2a652814bfa0... | +$0.002000
[Miner] Mined proxy_bandwidth | Proof: 8aa8d51d6afb... | +$0.000500
[Miner] Mined proxy_bandwidth | Proof: e326c77361ea... | +$0.000500
[Miner] Mined proxy_bandwidth | Proof: b57a04e15395... | +$0.000500
[Miner] Mined proxy_bandwidth | Proof: 00b3ac2c3a68... | +$0.000500
[Miner] Mined ai_compute | Proof: 5a18b8a180bc... | +$0.001000
[Miner] Mined telecom_sms | Proof: bb18d92b7762... | +$0.000200
[Miner] Mined telecom_voice | Proof: 2d527b190f55... | +$0.002000
[Miner] Mined telecom_voice | Proof: 6d157e170a32... | +$0.002000
[Miner] Mined proxy_bandwidth | Proof: 1caf76310ac8... | +$0.000500
[Miner] Mined proxy_bandwidth | Proof: f3b9622f3d19... | +$0.000500
[Miner] Mined telecom_sms | Proof: 43c83e688410... | +$0.000200
[Miner] Mined telecom_sms | Proof: f4a83b5e9eb6... | +$0.000200
[Miner] Mined proxy_bandwidth | Proof: fb8e697acb6d... | +$0.000500
[Miner] Mined telecom_sms | Proof: 4781f147ee60... | +$0.000200
[Miner] Mined ai_compute | Proof: 15e6ac472da5... | +$0.001000
[Miner] Mined proxy_bandwidth | Proof: 593340e4a8cf... | +$0.000500
[Miner] Mined proxy_bandwidth | Proof: c6e428c52836... | +$0.000500
[Miner] Mined ai_compute | Proof: ce5c85e657e7... | +$0.001000
[Miner] Mined telecom_voice | Proof: 51b90a37722c... | +$0.002000
[Miner] Mined telecom_sms | Proof: f615aca896d9... | +$0.000200
[Miner] Mined ai_compute | Proof: e5b17c054e48... | +$0.001000
[Miner] Mined telecom_voice | Proof: 4bc8ffc664a2... | +$0.002000
[Miner] Mined ai_compute | Proof: bd3ef9d78d53... | +$0.001000
[Miner] Mined proxy_bandwidth | Proof: 53a6888ebbef... | +$0.000500
[Miner] Mined proxy_bandwidth | Proof: 6e6d2d166bb3... | +$0.000500
[Miner] Mined telecom_voice | Proof: 522e8f017cec... | +$0.002000
[Miner] Mined proxy_bandwidth | Proof: ec4394859294... | +$0.000500
[Miner] Mined proxy_bandwidth | Proof: e02d22e6d46b... | +$0.000500
[Miner] Mined telecom_voice | Proof: 14028d165cef... | +$0.002000
[Miner] Mined proxy_bandwidth | Proof: 7968e04dd67a... | +$0.000500
[Miner] Mined telecom_sms | Proof: 7360ed0026df... | +$0.000200
[Miner] Mined proxy_bandwidth | Proof: 4a9fc6b2d63b... | +$0.000500
[Miner] Mined telecom_sms | Proof: 4f1ac5a7caf4... | +$0.000200
[Miner] Mined proxy_bandwidth | Proof: e4cfc2bcd32f... | +$0.000500
[Miner] Mined telecom_sms | Proof: ce1d24fdf76f... | +$0.000200
[Miner] Mined proxy_bandwidth | Proof: 68ec416965e9... | +$0.000500
[Miner] Mined telecom_sms | Proof: a626ae6fd839... | +$0.000200
[Miner] Mined proxy_bandwidth | Proof: f77799d3d8ac... | +$0.000500
[Miner] Mined proxy_bandwidth | Proof: 69d0c7492d3f... | +$0.000500
[Miner] Mined telecom_sms | Proof: 0619af5e3ec1... | +$0.000200
[Miner] Mined telecom_voice | Proof: be937ab55bac... | +$0.002000
[Miner] Mined ai_compute | Proof: 472f58580737... | +$0.001000
[Miner] Mined proxy_bandwidth | Proof: e730b2b8bf71... | +$0.000500
[Miner] Mined proxy_bandwidth | Proof: 4b764801f7b6... | +$0.000500
[Miner] Mined proxy_bandwidth | Proof: 7819b5fa60ee... | +$0.000500
[Miner] Mined telecom_voice | Proof: 6a174e4e9c64... | +$0.002000
[Miner] Mined proxy_bandwidth | Proof: b0a37b312811... | +$0.000500
[Miner] Mined ai_compute | Proof: 25b6b72bef76... | +$0.001000
[Miner] Mined telecom_voice | Proof: e8ead45bbe77... | +$0.002000
[Miner] Mined ai_compute | Proof: 59d5b7c91530... | +$0.001000
[Miner] Mined telecom_voice | Proof: 31c4ebb96fcf... | +$0.002000
[Miner] Mined telecom_sms | Proof: 8c72668e2fa9... | +$0.000200
[Miner] Mined telecom_sms | Proof: 286a2d20dba7... | +$0.000200
[Miner] Mined telecom_voice | Proof: 6c8722c168bd... | +$0.002000
[Miner] Mined proxy_bandwidth | Proof: 46371ea9db4d... | +$0.000500
[Miner] Mined ai_compute | Proof: 55d4546e968c... | +$0.001000
[Miner] Mined telecom_sms | Proof: f4d2b1e7aa20... | +$0.000200
[Miner] Mined telecom_voice | Proof: 6bce95e60ec2... | +$0.002000
[Miner] Mined telecom_sms | Proof: 7b0ff777b6b5... | +$0.000200
[Miner] Mined telecom_voice | Proof: d2a880e0f6ae... | +$0.002000
[Miner] Mined telecom_voice | Proof: 8863187a67cf... | +$0.002000
[Miner] Mined telecom_sms | Proof: 6f533e4f6bce... | +$0.000200
[Miner] Mined ai_compute | Proof: 7dcae4d6c07c... | +$0.001000
[Miner] Mined telecom_voice | Proof: 0ee2b57ac0d9... | +$0.002000
[Miner] Mined telecom_sms | Proof: 418d4350208d... | +$0.000200
[Miner] Mined proxy_bandwidth | Proof: 1f3a98b08266... | +$0.000500
[Miner] Mined ai_compute | Proof: e4ab78592952... | +$0.001000
[Miner] Mined telecom_sms | Proof: 419d216480a3... | +$0.000200
[Miner] Mined ai_compute | Proof: 425545c4303d... | +$0.001000
[Miner] Mined telecom_voice | Proof: 991d77123370... | +$0.002000
[Miner] Mined ai_compute | Proof: 4d7cac01a57a... | +$0.001000
[Miner] Mined proxy_bandwidth | Proof: c6fc6cdec4fe... | +$0.000500
[Miner] Mined telecom_voice | Proof: 18227ed27fd9... | +$0.002000
[Miner] Mined telecom_sms | Proof: 79ca2d561225... | +$0.000200
[Miner] Mined ai_compute | Proof: 24912664f111... | +$0.001000
[Miner] Mined ai_compute | Proof: bb485592e5b4... | +$0.001000
[Miner] Mined telecom_voice | Proof: 7289d8323423... | +$0.002000
[Miner] Mined telecom_voice | Proof: 0d44ad59f597... | +$0.002000
[Miner] Mined proxy_bandwidth | Proof: 7e4807075d3b... | +$0.000500
[Miner] Mined proxy_bandwidth | Proof: 51219b0ba671... | +$0.000500
[Miner] Mined proxy_bandwidth | Proof: 3424b0310aac... | +$0.000500
[Miner] Mined telecom_sms | Proof: 2f432db5c870... | +$0.000200
[Miner] Mined telecom_sms | Proof: 5282219fe87b... | +$0.000200
[Miner] Mined telecom_voice | Proof: 2b5ba4e0c929... | +$0.002000
[Miner] Mined ai_compute | Proof: ca736481f60f... | +$0.001000
[Miner] Mined ai_compute | Proof: 69f1fceb9613... | +$0.001000
[Miner] Mined ai_compute | Proof: 9b09f0b7eefe... | +$0.001000
[Miner] Mined telecom_sms | Proof: 4d47481f0819... | +$0.000200
[Miner] Mined telecom_sms | Proof: 2904310794fe... | +$0.000200
[Miner] Mined proxy_bandwidth | Proof: dc455923c84f... | +$0.000500
[Miner] Mined ai_compute | Proof: a85670326863... | +$0.001000
[Miner] Mined proxy_bandwidth | Proof: 7a9ba55ea063... | +$0.000500
[Miner] Mined telecom_sms | Proof: 1a10164cff6d... | +$0.000200
[Miner] Mined proxy_bandwidth | Proof: 8cb7cd009e77... | +$0.000500
[Miner] Mined ai_compute | Proof: def5f40a9355... | +$0.001000
[Miner] Mined telecom_sms | Proof: 31fd6b4bacba... | +$0.000200
[Miner] Mined ai_compute | Proof: b6b967787dc0... | +$0.001000
[Miner] Mined telecom_sms | Proof: f3dc8a7359ca... | +$0.000200
[Miner] Mined telecom_sms | Proof: ce71913ccaf2... | +$0.000200
[Miner] Mined telecom_sms | Proof: 1e2121392b6a... | +$0.000200
[Miner] Mined telecom_sms | Proof: 0392329e57d7... | +$0.000200
[Miner] Mined ai_compute | Proof: 234006ab9e19... | +$0.001000
[Miner] Mined proxy_bandwidth | Proof: f064e7f9b394... | +$0.000500
[Miner] Mined telecom_voice | Proof: b03df4b67cfd... | +$0.002000
[Miner] Mined proxy_bandwidth | Proof: 5db538a686d9... | +$0.000500
[Miner] Mined proxy_bandwidth | Proof: c9b05cab7a98... | +$0.000500
[Miner] Mined telecom_sms | Proof: f9b530b2374c... | +$0.000200
[Miner] Mined telecom_voice | Proof: e71c2d1c3dff... | +$0.002000
[Miner] Mined ai_compute | Proof: 51673903c9e1... | +$0.001000
[Miner] Mined telecom_voice | Proof: 44020adcbdf3... | +$0.002000
[Miner] Mined telecom_voice | Proof: 23eb58dc9a7e... | +$0.002000
[Miner] Mined proxy_bandwidth | Proof: 16ada39e6279... | +$0.000500
[Miner] Mined telecom_voice | Proof: 7c1eb85be12e... | +$0.002000
[Miner] Mined telecom_voice | Proof: e84c3626e2dc... | +$0.002000
[Miner] Mined telecom_voice | Proof: b004ca40c4cd... | +$0.002000
[Miner] Mined proxy_bandwidth | Proof: 1eb1dff051b4... | +$0.000500
[Miner] Mined ai_compute | Proof: 47cd88385b03... | +$0.001000
[Miner] Mined telecom_voice | Proof: 10c9f45049a0... | +$0.002000
[Miner] Mined telecom_voice | Proof: 613aa27b4444... | +$0.002000
[Miner] Mined ai_compute | Proof: ebddcbf21f56... | +$0.001000
[Miner] Mined ai_compute | Proof: e1d8b5078173... | +$0.001000
[Miner] Mined telecom_sms | Proof: e62f39b01528... | +$0.000200
[Miner] Mined proxy_bandwidth | Proof: 2af1bd762a1d... | +$0.000500
[Miner] Mined proxy_bandwidth | Proof: 0b3a83bfdeb8... | +$0.000500
[Miner] Mined telecom_sms | Proof: 16a12be444e6... | +$0.000200
[Miner] Mined telecom_sms | Proof: dc766986ce3b... | +$0.000200
[Miner] Mined ai_compute | Proof: 256676299df6... | +$0.001000
[Miner] Mined proxy_bandwidth | Proof: c502b44d8405... | +$0.000500
[Miner] Mined proxy_bandwidth | Proof: b464af5a022b... | +$0.000500
[Miner] Mined ai_compute | Proof: e144925fcc04... | +$0.001000
[Miner] Mined ai_compute | Proof: b2c065d1f621... | +$0.001000
[Miner] Mined ai_compute | Proof: 85c703f4953f... | +$0.001000
[Miner] Mined telecom_voice | Proof: 8aecb1a84012... | +$0.002000
[Miner] Mined proxy_bandwidth | Proof: 884b74afd830... | +$0.000500
[Miner] Mined telecom_sms | Proof: a2cc165c2986... | +$0.000200
[Miner] Mined proxy_bandwidth | Proof: 0d847d161ab2... | +$0.000500
[Miner] Mined telecom_sms | Proof: 144cb48e872e... | +$0.000200
[Miner] Mined proxy_bandwidth | Proof: 31845e5bab6a... | +$0.000500
[Miner] Mined proxy_bandwidth | Proof: 88c7e5471044... | +$0.000500
[Miner] Mined telecom_sms | Proof: 562b40eea91b... | +$0.000200
[Miner] Mined ai_compute | Proof: 247a1417a145... | +$0.001000
[Miner] Mined telecom_sms | Proof: 9445406ca8f7... | +$0.000200
[Miner] Mined telecom_voice | Proof: 42a6bb4f560d... | +$0.002000
[Miner] Mined proxy_bandwidth | Proof: 3626eacae5d3... | +$0.000500
[Miner] Mined telecom_voice | Proof: adc32f694ec2... | +$0.002000
[Miner] Mined telecom_voice | Proof: 280f4e158bc2... | +$0.002000
[Miner] Mined telecom_voice | Proof: bd3610e95838... | +$0.002000
[Miner] Mined proxy_bandwidth | Proof: 7c38221e147c... | +$0.000500
[Miner] Mined proxy_bandwidth | Proof: 5209029770ca... | +$0.000500
[Miner] Mined ai_compute | Proof: af57c8447a40... | +$0.001000
[Miner] Mined proxy_bandwidth | Proof: 5bb69fc528c0... | +$0.000500
[Miner] Mined ai_compute | Proof: d9479ab8a86f... | +$0.001000
[Miner] Mined proxy_bandwidth | Proof: 145c739da586... | +$0.000500
[Miner] Mined telecom_voice | Proof: 12033b4e7228... | +$0.002000
[Miner] Mined telecom_voice | Proof: 4a6ce8c00840... | +$0.002000
[Miner] Mined telecom_sms | Proof: f594fb52eb3f... | +$0.000200
[Miner] Mined proxy_bandwidth | Proof: aaaaddbcd4a7... | +$0.000500
[Miner] Mined ai_compute | Proof: 36d5fcbb4b83... | +$0.001000
[Miner] Mined telecom_sms | Proof: 60792f02a4f0... | +$0.000200
[Miner] Mined telecom_sms | Proof: 84c7217e3a26... | +$0.000200
[Miner] Mined telecom_voice | Proof: da0b7e7e3281... | +$0.002000
[Miner] Mined telecom_voice | Proof: fc866ce4059f... | +$0.002000
[Miner] Mined telecom_voice | Proof: 3129eb881be7... | +$0.002000
[Miner] Mined telecom_voice | Proof: 98be5c9f0db7... | +$0.002000
[Miner] Mined telecom_sms | Proof: 50fdac359a76... | +$0.000200
[Miner] Mined ai_compute | Proof: b3854df8f857... | +$0.001000
[Miner] Mined telecom_sms | Proof: a6dd0d04695b... | +$0.000200
[Miner] Mined telecom_sms | Proof: 7c0e95f874c8... | +$0.000200
[Miner] Mined ai_compute | Proof: e1ab71403e82... | +$0.001000
[Miner] Mined ai_compute | Proof: 13a8ab3eb5a2... | +$0.001000
[Miner] Mined telecom_voice | Proof: 3c8e89a14ceb... | +$0.002000
[Miner] Mined ai_compute | Proof: ccb8a01fa916... | +$0.001000
[Miner] Mined proxy_bandwidth | Proof: 467ce5b18a33... | +$0.000500
[Miner] Mined ai_compute | Proof: 833e20bcca69... | +$0.001000
[Miner] Mined telecom_sms | Proof: dc230cafca43... | +$0.000200
[Miner] Mined telecom_voice | Proof: e0d002b5e354... | +$0.002000
[Miner] Mined telecom_sms | Proof: a2acff4a296f... | +$0.000200
[Miner] Mined ai_compute | Proof: 5935b4a8507e... | +$0.001000
[Miner] Mined telecom_sms | Proof: b8c68f5a2237... | +$0.000200
[Miner] Mined telecom_sms | Proof: fd3ff5a4b7a6... | +$0.000200
[Miner] Mined telecom_sms | Proof: f79a920d0c78... | +$0.000200
[Miner] Mined proxy_bandwidth | Proof: dbb6830f32d4... | +$0.000500
[Miner] Mined telecom_voice | Proof: 5bedb1c38083... | +$0.002000
[Miner] Mined telecom_voice | Proof: b636797dc85f... | +$0.002000
[Miner] Mined ai_compute | Proof: 9c9cba09cafe... | +$0.001000
[Miner] Mined telecom_voice | Proof: 67390eef6f0a... | +$0.002000
[Miner] Mined proxy_bandwidth | Proof: 5147cc154553... | +$0.000500
[Miner] Mined ai_compute | Proof: 6ff9c2eb230e... | +$0.001000
[Miner] Mined ai_compute | Proof: 38f5f4ccf8b3... | +$0.001000
[Miner] Mined ai_compute | Proof: faba55461c3d... | +$0.001000
[Miner] Mined telecom_sms | Proof: 786c00db4207... | +$0.000200
[Miner] Mined ai_compute | Proof: 0ba6408cbea2... | +$0.001000
[Miner] Mined proxy_bandwidth | Proof: 3e03a87e3dd0... | +$0.000500
[Miner] Mined telecom_voice | Proof: a85cea4970a3... | +$0.002000
[Miner] Mined proxy_bandwidth | Proof: 10851b2d0943... | +$0.000500
[Miner] Mined proxy_bandwidth | Proof: 244fc641b2d2... | +$0.000500
[Miner] Mined telecom_sms | Proof: 914507f38e71... | +$0.000200
[Miner] Mined telecom_voice | Proof: 69e8e2e0982b... | +$0.002000
[Miner] Mined telecom_sms | Proof: b1517a6eba13... | +$0.000200
[Miner] Mined ai_compute | Proof: 386e7a23760a... | +$0.001000
[Miner] Mined telecom_voice | Proof: d1c41529dcfc... | +$0.002000
[Miner] Mined telecom_voice | Proof: f1720eaa9d19... | +$0.002000
[Miner] Mined telecom_voice | Proof: f517ad6c6c8e... | +$0.002000
[Miner] Mined proxy_bandwidth | Proof: 0d220cd5dbd3... | +$0.000500
[Miner] Mined telecom_sms | Proof: efc60e5aaa07... | +$0.000200
[Miner] Mined telecom_sms | Proof: 94b14b9ffced... | +$0.000200
[Miner] Mined ai_compute | Proof: 5491011d3840... | +$0.001000
[Miner] Mined telecom_voice | Proof: 9cd229b33006... | +$0.002000
[Miner] Mined telecom_sms | Proof: f615abdfd543... | +$0.000200
[Miner] Mined telecom_voice | Proof: 4bb42ffc5498... | +$0.002000
[Miner] Mined telecom_voice | Proof: da4eef8b3d43... | +$0.002000
[Miner] Mined proxy_bandwidth | Proof: 300b33e01428... | +$0.000500
[Miner] Mined telecom_voice | Proof: 9b96e25e2015... | +$0.002000
[Miner] Mined telecom_voice | Proof: 7ae53f12d13d... | +$0.002000
[Miner] Mined ai_compute | Proof: b7c35c117a79... | +$0.001000
[Miner] Mined proxy_bandwidth | Proof: 7fa90a665030... | +$0.000500
[Miner] Mined telecom_voice | Proof: 4f9588fbb18b... | +$0.002000
[Miner] Mined telecom_sms | Proof: bd91d507490d... | +$0.000200
[Miner] Mined telecom_voice | Proof: 1b6f7f763ef5... | +$0.002000
[Miner] Mined ai_compute | Proof: e18f5755abc8... | +$0.001000
[Miner] Mined telecom_sms | Proof: 7258f17b55e6... | +$0.000200
[Miner] Mined proxy_bandwidth | Proof: 6b7a30599d00... | +$0.000500
[Miner] Mined telecom_voice | Proof: 5a18d649d596... | +$0.002000
[Miner] Mined telecom_voice | Proof: 82af30bf50a8... | +$0.002000
[Miner] Mined telecom_sms | Proof: d542804e2209... | +$0.000200
[Miner] Mined telecom_voice | Proof: 064bf2c88a63... | +$0.002000
[Miner] Mined proxy_bandwidth | Proof: 5f7fe371bb65... | +$0.000500
[Miner] Mined telecom_voice | Proof: 4804cc2242d5... | +$0.002000
[Miner] Mined ai_compute | Proof: a7625a2892ed... | +$0.001000
[Miner] Mined telecom_sms | Proof: cae9dd328e47... | +$0.000200
[Miner] Mined proxy_bandwidth | Proof: 96e47a8e7235... | +$0.000500
[Miner] Mined telecom_sms | Proof: 6b102ae55087... | +$0.000200
[Miner] Mined ai_compute | Proof: 9d69f2102615... | +$0.001000
[Miner] Mined telecom_voice | Proof: 45b9c2edf095... | +$0.002000
[Miner] Mined telecom_voice | Proof: 80c7865de862... | +$0.002000
[Miner] Mined proxy_bandwidth | Proof: 5d54010bd999... | +$0.000500
[Miner] Mined telecom_sms | Proof: d0c0f8520746... | +$0.000200
[Miner] Mined proxy_bandwidth | Proof: 5d559eb9f09e... | +$0.000500
[Miner] Mined telecom_sms | Proof: ffd7cc5534f6... | +$0.000200
[Miner] Mined ai_compute | Proof: b7c3b5aa1019... | +$0.001000
[Miner] Mined telecom_sms | Proof: 82c7db03f6cb... | +$0.000200
[Miner] Mined telecom_voice | Proof: e193db0a29a9... | +$0.002000
[Miner] Mined telecom_voice | Proof: dfbbb2efc1eb... | +$0.002000
[Miner] Mined telecom_voice | Proof: 328bc61b7a17... | +$0.002000
[Miner] Mined telecom_voice | Proof: 39f760feba26... | +$0.002000
[Miner] Mined telecom_voice | Proof: 4a5a73e45c92... | +$0.002000
[Miner] Mined ai_compute | Proof: f88ab89095a3... | +$0.001000
[Miner] Mined ai_compute | Proof: d46014f94775... | +$0.001000
[Miner] Mined telecom_sms | Proof: 6e7256a67524... | +$0.000200
[Miner] Mined telecom_voice | Proof: 614f2162fdb7... | +$0.002000
[Miner] Mined ai_compute | Proof: a377f85ed127... | +$0.001000
[Miner] Mined proxy_bandwidth | Proof: e28ab0141418... | +$0.000500
[Miner] Mined telecom_sms | Proof: 769bf46008e5... | +$0.000200
[Miner] Mined ai_compute | Proof: 29702f236090... | +$0.001000
[Miner] Mined telecom_voice | Proof: 3f44092c2ab0... | +$0.002000
[Miner] Mined proxy_bandwidth | Proof: b0d5647c02d4... | +$0.000500
[Miner] Mined ai_compute | Proof: 6d1db6289e70... | +$0.001000
[Miner] Mined proxy_bandwidth | Proof: 4bdc2ede6c4e... | +$0.000500
[Miner] Mined proxy_bandwidth | Proof: 026545317cb4... | +$0.000500
[Miner] Mined telecom_voice | Proof: de654c3b8316... | +$0.002000
[Miner] Mined telecom_sms | Proof: 1f7d8aef9398... | +$0.000200
[Miner] Mined ai_compute | Proof: a3bb3af61c86... | +$0.001000
[Miner] Mined telecom_sms | Proof: a143ca74e84c... | +$0.000200
[Miner] Mined ai_compute | Proof: 03e5980d83c9... | +$0.001000
[Miner] Mined telecom_voice | Proof: fb896e7abad1... | +$0.002000
[Miner] Mined ai_compute | Proof: 93b8e6e90541... | +$0.001000
[Miner] Mined telecom_voice | Proof: 0a83ec21d571... | +$0.002000
[Miner] Mined telecom_voice | Proof: f3382e49fd61... | +$0.002000
[Miner] Mined telecom_sms | Proof: 321f479f5d46... | +$0.000200
[Miner] Mined telecom_sms | Proof: 04be66f782dc... | +$0.000200
[Miner] Mined proxy_bandwidth | Proof: d5be2e12f89f... | +$0.000500
[Miner] Mined proxy_bandwidth | Proof: 7a0ff9a15a85... | +$0.000500
[Miner] Mined telecom_sms | Proof: f03330ca7543... | +$0.000200
[Miner] Mined telecom_voice | Proof: 3a0e63dd0378... | +$0.002000
[Miner] Mined telecom_voice | Proof: dd8dfd8db5bd... | +$0.002000
[Miner] Mined proxy_bandwidth | Proof: 17c5d4fe3e7e... | +$0.000500
[Miner] Mined telecom_voice | Proof: 03af58db67ac... | +$0.002000
[Miner] Mined proxy_bandwidth | Proof: 7c0eeafb4f29... | +$0.000500
[Miner] Mined telecom_voice | Proof: 2d18aa0552a2... | +$0.002000
[Miner] Mined ai_compute | Proof: f98f2dfc77df... | +$0.001000
[Miner] Mined telecom_sms | Proof: d44475e68fd3... | +$0.000200
[Miner] Mined telecom_sms | Proof: b58bde27ef19... | +$0.000200
[Miner] Mined telecom_voice | Proof: 05602b3a3854... | +$0.002000
[Miner] Mined telecom_sms | Proof: 0e50a55ff5d5... | +$0.000200
[Miner] Mined telecom_voice | Proof: 65f5ea9a17d6... | +$0.002000
[Miner] Mined ai_compute | Proof: fc96a061da73... | +$0.001000
[Miner] Mined ai_compute | Proof: 042e2c583a19... | +$0.001000
[Miner] Mined proxy_bandwidth | Proof: cf06670ca0f2... | +$0.000500
[Miner] Mined telecom_voice | Proof: 1005a6e3d18c... | +$0.002000
[Miner] Mined telecom_voice | Proof: 40ea0a4fab23... | +$0.002000
[Miner] Mined proxy_bandwidth | Proof: 7ea9ca8a45fa... | +$0.000500
[Miner] Mined proxy_bandwidth | Proof: c4cee6db5a47... | +$0.000500
[Miner] Mined telecom_sms | Proof: d11bbde5e7dd... | +$0.000200
[Miner] Mined ai_compute | Proof: f293fda2ce06... | +$0.001000
[Miner] Mined proxy_bandwidth | Proof: a84ea37cec3d... | +$0.000500
[Miner] Mined telecom_voice | Proof: 3af79af3a679... | +$0.002000
[Miner] Mined ai_compute | Proof: 2d955f53a365... | +$0.001000
[Miner] Mined telecom_voice | Proof: 2daf021fa7b9... | +$0.002000
[Miner] Mined proxy_bandwidth | Proof: 47f8b83be6be... | +$0.000500
[Miner] Mined ai_compute | Proof: cac7c5eb1a99... | +$0.001000
[Miner] Mined telecom_sms | Proof: 21906eccaf79... | +$0.000200
[Miner] Mined ai_compute | Proof: 8a13c569d187... | +$0.001000
[Miner] Mined ai_compute | Proof: eb5f4cb643ba... | +$0.001000
[Miner] Mined telecom_sms | Proof: 00f19aad0b1b... | +$0.000200
[Miner] Mined telecom_sms | Proof: bc5dce4227d0... | +$0.000200
[Miner] Mined proxy_bandwidth | Proof: b3083b986c53... | +$0.000500
[Miner] Mined proxy_bandwidth | Proof: 8b7aceb1379c... | +$0.000500
[Miner] Mined proxy_bandwidth | Proof: a3d2c8863b40... | +$0.000500
[Miner] Mined proxy_bandwidth | Proof: d7af9ea278df... | +$0.000500
[Miner] Mined telecom_voice | Proof: dd5940ef7309... | +$0.002000
[Miner] Mined proxy_bandwidth | Proof: d066ce2309cb... | +$0.000500
[Miner] Mined telecom_sms | Proof: ad1f21696687... | +$0.000200
[Miner] Mined telecom_voice | Proof: 762bdb05545a... | +$0.002000
[Miner] Mined proxy_bandwidth | Proof: c9913ef974e5... | +$0.000500
[Miner] Mined telecom_voice | Proof: 92b9e9ce76c2... | +$0.002000
[Miner] Mined telecom_sms | Proof: 4f85392f7630... | +$0.000200
[Miner] Mined telecom_sms | Proof: be0595a286c2... | +$0.000200
[Miner] Mined telecom_sms | Proof: 6534e06b3b61... | +$0.000200
[Miner] Mined telecom_voice | Proof: 17dfa3685b1b... | +$0.002000
[Miner] Mined telecom_sms | Proof: 9d2f61a44183... | +$0.000200
[Miner] Mined telecom_sms | Proof: bf4f71602190... | +$0.000200
[Miner] Mined telecom_sms | Proof: 30ff175d47ed... | +$0.000200
[Miner] Mined ai_compute | Proof: 9a4bfa3374fb... | +$0.001000
[Miner] Mined telecom_voice | Proof: f0183c605c29... | +$0.002000
[Miner] Mined proxy_bandwidth | Proof: 9128a1da1d73... | +$0.000500
[Miner] Mined telecom_voice | Proof: 9ef2527b7ec5... | +$0.002000
[Miner] Mined ai_compute | Proof: 995268548ef3... | +$0.001000
[Miner] Mined telecom_sms | Proof: 46eccf33c00e... | +$0.000200
[Miner] Mined ai_compute | Proof: af1b54512f62... | +$0.001000
[Miner] Mined telecom_sms | Proof: b1cb9fbb784c... | +$0.000200
[Miner] Mined telecom_sms | Proof: 84c23a68f738... | +$0.000200
[Miner] Mined ai_compute | Proof: af232e465d4e... | +$0.001000
[Miner] Mined telecom_voice | Proof: 79e4e13b0fb8... | +$0.002000
[Miner] Mined telecom_sms | Proof: 95d4b149baaa... | +$0.000200
[Miner] Mined ai_compute | Proof: 9f5ed54305ce... | +$0.001000
[Miner] Mined telecom_sms | Proof: 42f0799a564e... | +$0.000200
[Miner] Mined proxy_bandwidth | Proof: 7f449ec7f8bc... | +$0.000500
[Miner] Mined telecom_sms | Proof: ca9024282625... | +$0.000200
[Miner] Mined proxy_bandwidth | Proof: 8a34256a452d... | +$0.000500
[Miner] Mined proxy_bandwidth | Proof: 0763124377cc... | +$0.000500
[Miner] Mined telecom_sms | Proof: 859c35f5ef4a... | +$0.000200
[Miner] Mined telecom_voice | Proof: 7896ce317d6c... | +$0.002000
[Miner] Mined proxy_bandwidth | Proof: 729de4d6547e... | +$0.000500
[Miner] Mined telecom_sms | Proof: 92e84e5cb24e... | +$0.000200
[Miner] Mined telecom_voice | Proof: e9df1dacb652... | +$0.002000
[Miner] Mined telecom_voice | Proof: 974404b45a63... | +$0.002000
[Miner] Mined telecom_voice | Proof: 410e8efa313e... | +$0.002000
[Miner] Mined telecom_sms | Proof: b719b4005d25... | +$0.000200
[Miner] Mined telecom_sms | Proof: 7ca8ad807d8a... | +$0.000200
[Miner] Mined telecom_sms | Proof: 376674773189... | +$0.000200
[Miner] Mined proxy_bandwidth | Proof: 9fadf6be3a8d... | +$0.000500
[Miner] Mined proxy_bandwidth | Proof: d8cbf9fd1087... | +$0.000500
[Miner] Mined telecom_sms | Proof: a3d000b0c213... | +$0.000200
[Miner] Mined telecom_sms | Proof: bf322be1714a... | +$0.000200
[Miner] Mined ai_compute | Proof: 680e69131b04... | +$0.001000
[Miner] Mined proxy_bandwidth | Proof: aa0f99cc1006... | +$0.000500
[Miner] Mined telecom_voice | Proof: c2a9881eab7e... | +$0.002000
[Miner] Mined telecom_voice | Proof: c23168673059... | +$0.002000
[Miner] Mined telecom_sms | Proof: ccd58605631c... | +$0.000200
[Miner] Mined ai_compute | Proof: 99af18b8a1c4... | +$0.001000
[Miner] Mined telecom_sms | Proof: 15e0b3a4168c... | +$0.000200
[Miner] Mined telecom_voice | Proof: ab368115af6f... | +$0.002000
[Miner] Mined telecom_sms | Proof: d0eca1128efa... | +$0.000200
[Miner] Mined ai_compute | Proof: fbcc25b3498d... | +$0.001000
[Miner] Mined ai_compute | Proof: 336c92b0faeb... | +$0.001000
[Miner] Mined proxy_bandwidth | Proof: c1b5a4b80e48... | +$0.000500
[Miner] Mined ai_compute | Proof: 55e3a88ae831... | +$0.001000
[Miner] Mined telecom_sms | Proof: 5eb8fac2a3fd... | +$0.000200
[Miner] Mined telecom_sms | Proof: 8ec95e8a3a13... | +$0.000200
[Miner] Mined proxy_bandwidth | Proof: 5244a03f9623... | +$0.000500
[Miner] Mined proxy_bandwidth | Proof: 0764a89ade38... | +$0.000500
[Miner] Mined telecom_sms | Proof: c12a8ec142fa... | +$0.000200
[Miner] Mined telecom_sms | Proof: 61a27ce8c304... | +$0.000200
[Miner] Mined telecom_voice | Proof: 1cdaa9eb50e2... | +$0.002000
[Miner] Mined ai_compute | Proof: 2ac7eeaf681b... | +$0.001000
[Miner] Mined telecom_sms | Proof: 584602a638c1... | +$0.000200
[Miner] Mined telecom_voice | Proof: ddc451634f39... | +$0.002000
[Miner] Mined telecom_voice | Proof: 0191d2432b97... | +$0.002000
[Miner] Mined proxy_bandwidth | Proof: 27653beaa766... | +$0.000500
[Miner] Mined telecom_sms | Proof: 39aa2e5e9171... | +$0.000200
[Miner] Mined proxy_bandwidth | Proof: fa32fa36caaa... | +$0.000500
[Miner] Mined telecom_voice | Proof: 0a69cf2fe2f3... | +$0.002000
[Miner] Mined ai_compute | Proof: a5d9d0c847ae... | +$0.001000
[Miner] Mined proxy_bandwidth | Proof: 5e0ca152504f... | +$0.000500
[Miner] Mined ai_compute | Proof: 32cb11d57ebe... | +$0.001000opening handshake failed
Traceback (most recent call last):
  File "/data/data/com.termux/files/usr/lib/python3.13/site-packages/websockets/asyncio/server.py", line 356, in conn_handler
    await connection.handshake(
    ...<3 lines>...
    )
  File "/data/data/com.termux/files/usr/lib/python3.13/site-packages/websockets/asyncio/server.py", line 207, in handshake
    raise self.protocol.handshake_exc
  File "/data/data/com.termux/files/usr/lib/python3.13/site-packages/websockets/server.py", line 138, in accept
    ) = self.process_request(request)
        ~~~~~~~~~~~~~~~~~~~~^^^^^^^^^
  File "/data/data/com.termux/files/usr/lib/python3.13/site-packages/websockets/server.py", line 233, in process_request
    raise InvalidUpgrade(
        "Connection", ", ".join(connection) if connection else None
    )
websockets.exceptions.InvalidUpgrade: invalid Connection header: keep-alive
opening handshake failed
Traceback (most recent call last):
  File "/data/data/com.termux/files/usr/lib/python3.13/site-packages/websockets/asyncio/server.py", line 356, in conn_handler
    await connection.handshake(
    ...<3 lines>...
    )
  File "/data/data/com.termux/files/usr/lib/python3.13/site-packages/websockets/asyncio/server.py", line 207, in handshake
    raise self.protocol.handshake_exc
  File "/data/data/com.termux/files/usr/lib/python3.13/site-packages/websockets/server.py", line 138, in accept
    ) = self.process_request(request)
        ~~~~~~~~~~~~~~~~~~~~^^^^^^^^^
  File "/data/data/com.termux/files/usr/lib/python3.13/site-packages/websockets/server.py", line 233, in process_request
    raise InvalidUpgrade(
        "Connection", ", ".join(connection) if connection else None
    )
websockets.exceptions.InvalidUpgrade: invalid Connection header: keep-alive

[Miner] Mined proxy_bandwidth | Proof: d090dbb391e7... | +$0.000500
[Miner] Mined proxy_bandwidth | Proof: 98dec876a2a5... | +$0.000500
[Miner] Mined telecom_sms | Proof: 34b96c0a1a6e... | +$0.000200
[Miner] Mined telecom_sms | Proof: f2c888bde4ac... | +$0.000200
[Miner] Mined telecom_sms | Proof: 340fe33a608d... | +$0.000200
[Miner] Mined ai_compute | Proof: 68d5701c57dc... | +$0.001000
[Miner] Mined telecom_sms | Proof: 3d564d53eae8... | +$0.000200
[Miner] Mined telecom_voice | Proof: 0f4dd11f86dc... | +$0.002000
[Miner] Mined telecom_voice | Proof: 70ec75bcfb7d... | +$0.002000
[Miner] Mined telecom_voice | Proof: 701b9c146fcc... | +$0.002000
[Miner] Mined proxy_bandwidth | Proof: 4b2f99554b89... | +$0.000500
[Miner] Mined telecom_sms | Proof: 2cf00bff7735... | +$0.000200
[Miner] Mined telecom_sms | Proof: 43c0eec290fb... | +$0.000200
[Miner] Mined telecom_voice | Proof: 36f916d44f81... | +$0.002000
[Miner] Mined ai_compute | Proof: c43cc276d6f6... | +$0.001000
[Miner] Mined telecom_sms | Proof: 231538c83725... | +$0.000200
[Miner] Mined telecom_voice | Proof: f2b1f5e6ec09... | +$0.002000
[Miner] Mined proxy_bandwidth | Proof: 17b9f027dc98... | +$0.000500
[Miner] Mined telecom_sms | Proof: c7860d032c7e... | +$0.000200
[Miner] Mined telecom_sms | Proof: fb84e5501aa6... | +$0.000200
[Miner] Mined ai_compute | Proof: a97576727020... | +$0.001000
[Miner] Mined proxy_bandwidth | Proof: 1b385f9982f0... | +$0.000500
[Miner] Mined ai_compute | Proof: 4ba901e1b2c3... | +$0.001000
[Miner] Mined ai_compute | Proof: 4568f88bdab3... | +$0.001000
[Miner] Mined telecom_sms | Proof: 2ae02f18f064... | +$0.000200
[Miner] Mined proxy_bandwidth | Proof: e0bd07aca84f... | +$0.000500
[Miner] Mined telecom_sms | Proof: a60671f26c41... | +$0.000200
[Miner] Mined proxy_bandwidth | Proof: ed2153d1bf63... | +$0.000500
[Miner] Mined telecom_voice | Proof: 35bd6e54c7c8... | +$0.002000
[Miner] Mined telecom_voice | Proof: 9e795674eb69... | +$0.002000
[Miner] Mined proxy_bandwidth | Proof: 4805297de0bd... | +$0.000500
[Miner] Mined ai_compute | Proof: 9f6e8a1a0f41... | +$0.001000
[Miner] Mined ai_compute | Proof: c8ac34d6e1b4... | +$0.001000
[Miner] Mined telecom_sms | Proof: cbfca48fb57f... | +$0.000200
[Miner] Mined proxy_bandwidth | Proof: cae7ef055a12... | +$0.000500
[Miner] Mined telecom_sms | Proof: 8cb1c3b92db9... | +$0.000200
[Miner] Mined proxy_bandwidth | Proof: 1a71939cc6ba... | +$0.000500
[Miner] Mined telecom_sms | Proof: 4783585e36cc... | +$0.000200
[Miner] Mined proxy_bandwidth | Proof: cfeae3f6d8b4... | +$0.000500
[Miner] Mined proxy_bandwidth | Proof: 8bf7be6b4b9a... | +$0.000500
[Miner] Mined telecom_voice | Proof: 4a00b61aefaa... | +$0.002000
[Miner] Mined ai_compute | Proof: 8ead25995427... | +$0.001000
[Miner] Mined proxy_bandwidth | Proof: 8c2b61c33b90... | +$0.000500
[Miner] Mined telecom_sms | Proof: 8d87e676a695... | +$0.000200
[Miner] Mined telecom_voice | Proof: 933f46411bf9... | +$0.002000
[Miner] Mined ai_compute | Proof: 25849d647da6... | +$0.001000
[Miner] Mined telecom_sms | Proof: 438fd18c19f1... | +$0.000200
[Miner] Mined telecom_sms | Proof: 6c522bdb8b6e... | +$0.000200
[Miner] Mined proxy_bandwidth | Proof: 22bf69992e49... | +$0.000500
[Miner] Mined proxy_bandwidth | Proof: 8fb3a28b1ab8... | +$0.000500
[Miner] Mined telecom_sms | Proof: 7e789351364b... | +$0.000200
[Miner] Mined telecom_voice | Proof: 5fdfbb6ee4d5... | +$0.002000
[Miner] Mined telecom_sms | Proof: 16c7bc56cd3f... | +$0.000200
[Miner] Mined proxy_bandwidth | Proof: fa633e2dd976... | +$0.000500
[Miner] Mined telecom_voice | Proof: b35956f16292... | +$0.002000
[Miner] Mined ai_compute | Proof: 9e2f18148a31... | +$0.001000
[Miner] Mined proxy_bandwidth | Proof: be1df7c228f1... | +$0.000500
[Miner] Mined proxy_bandwidth | Proof: 47da055b6836... | +$0.000500
[Miner] Mined telecom_voice | Proof: c5df61600a10... | +$0.002000
[Miner] Mined telecom_voice | Proof: 6ff03731f02e... | +$0.002000
[Miner] Mined telecom_sms | Proof: 07009feda76b... | +$0.000200
[Miner] Mined telecom_sms | Proof: a75bc03d1de6... | +$0.000200
[Miner] Mined proxy_bandwidth | Proof: f342738a5bcb... | +$0.000500
[Miner] Mined proxy_bandwidth | Proof: 3bf3cf4b28b3... | +$0.000500
[Miner] Mined telecom_sms | Proof: a5e28a8197b8... | +$0.000200
[Miner] Mined telecom_voice | Proof: 1eaae97e9f5f... | +$0.002000
[Miner] Mined ai_compute | Proof: 19155abb0c42... | +$0.001000
[Miner] Mined telecom_voice | Proof: 5239203fcfcd... | +$0.002000
[Miner] Mined ai_compute | Proof: 330182302c63... | +$0.001000
[Miner] Mined telecom_sms | Proof: 5374dbe65bcc... | +$0.000200
[Miner] Mined proxy_bandwidth | Proof: a71ec7aefbc1... | +$0.000500
[Miner] Mined telecom_sms | Proof: e1d1434a4185... | +$0.000200
[Miner] Mined proxy_bandwidth | Proof: ee615d451d75... | +$0.000500
[Miner] Mined ai_compute | Proof: 5e6ee4d3bea3... | +$0.001000
[Miner] Mined telecom_voice | Proof: f4cc57e61ded... | +$0.002000
[Miner] Mined telecom_sms | Proof: 6b9c1c59c5fa... | +$0.000200
[Miner] Mined telecom_sms | Proof: 73bbe7a37c52... | +$0.000200
[Miner] Mined proxy_bandwidth | Proof: 650d36a5c014... | +$0.000500
[Miner] Mined telecom_voice | Proof: 68c6c77fed8e... | +$0.002000
[Miner] Mined telecom_sms | Proof: 90d25b9e6dab... | +$0.000200
[Miner] Mined telecom_sms | Proof: 8f6ef499b5d0... | +$0.000200
[Miner] Mined proxy_bandwidth | Proof: b9b698342c56... | +$0.000500
[Miner] Mined telecom_sms | Proof: d903ec9cf1d2... | +$0.000200
[Miner] Mined telecom_voice | Proof: 02afa7cdf9f1... | +$0.002000
[Miner] Mined proxy_bandwidth | Proof: 9e94d7e98530... | +$0.000500
[Miner] Mined telecom_voice | Proof: a22c2df66663... | +$0.002000
[Miner] Mined proxy_bandwidth | Proof: 549694216364... | +$0.000500
[Miner] Mined telecom_voice | Proof: 59fb6cc4479c... | +$0.002000
[Miner] Mined telecom_voice | Proof: e95f0c64cc12... | +$0.002000
[Miner] Mined ai_compute | Proof: a08aa151660e... | +$0.001000
[Miner] Mined ai_compute | Proof: 3a3cede7660c... | +$0.001000
[Miner] Mined ai_compute | Proof: 9796913f101c... | +$0.001000
[Miner] Mined telecom_sms | Proof: 6c3ec9220a6b... | +$0.000200
[Miner] Mined telecom_sms | Proof: a4118d35a8c4... | +$0.000200
[Miner] Mined ai_compute | Proof: 7227c1f530a0... | +$0.001000
[Miner] Mined ai_compute | Proof: 101577bff592... | +$0.001000
[Miner] Mined telecom_voice | Proof: 6d6ddf9d5764... | +$0.002000
[Miner] Mined ai_compute | Proof: f3979abf1a8f... | +$0.001000
[Miner] Mined ai_compute | Proof: b4edb4e303ee... | +$0.001000
[Miner] Mined proxy_bandwidth | Proof: ac7237acd5cc... | +$0.000500
[Miner] Mined telecom_sms | Proof: 17a8ac6fd159... | +$0.000200
[Miner] Mined telecom_voice | Proof: 0ef7616e3793... | +$0.002000
[Miner] Mined telecom_voice | Proof: f7a86b1d1e27... | +$0.002000
[Miner] Mined ai_compute | Proof: 2ff5d0d2ba47... | +$0.001000
[Miner] Mined proxy_bandwidth | Proof: 3c34ab440ed2... | +$0.000500
[Miner] Mined ai_compute | Proof: 8433fb1fcdb7... | +$0.001000
[Miner] Mined telecom_sms | Proof: 55a2fb188fe4... | +$0.000200
[Miner] Mined telecom_sms | Proof: 2dbba5bf9ec1... | +$0.000200
[Miner] Mined ai_compute | Proof: a54903d4dd01... | +$0.001000
[Miner] Mined telecom_sms | Proof: feac6b784fae... | +$0.000200
[Miner] Mined telecom_sms | Proof: 45db32c63a1a... | +$0.000200
[Miner] Mined ai_compute | Proof: 797a932bf1f7... | +$0.001000
[Miner] Mined telecom_sms | Proof: c00807b95151... | +$0.000200
[Miner] Mined telecom_voice | Proof: 1110b9ca8acb... | +$0.002000
[Miner] Mined ai_compute | Proof: 185c09984bc1... | +$0.001000
[Miner] Mined telecom_voice | Proof: 0d66d8ea24d5... | +$0.002000
[Miner] Mined proxy_bandwidth | Proof: 7e1d6d871151... | +$0.000500
[Miner] Mined telecom_sms | Proof: 48c53d2039ab... | +$0.000200
[Miner] Mined ai_compute | Proof: 34507a10df2f... | +$0.001000
[Miner] Mined telecom_voice | Proof: 4c3dab3bb3a8... | +$0.002000
[Miner] Mined ai_compute | Proof: 35b5cc3f047e... | +$0.001000
[Miner] Mined telecom_voice | Proof: 511eca1e84a7... | +$0.002000
[Miner] Mined telecom_sms | Proof: 5e046148a795... | +$0.000200
[Miner] Mined telecom_sms | Proof: 62ac0d76b737... | +$0.000200
[Miner] Mined ai_compute | Proof: 9022f082f417... | +$0.001000
[Miner] Mined proxy_bandwidth | Proof: 59f881503bb2... | +$0.000500
[Miner] Mined telecom_sms | Proof: 86d674dcff45... | +$0.000200
[Miner] Mined ai_compute | Proof: d86bd25bcdb3... | +$0.001000
[Miner] Mined proxy_bandwidth | Proof: 824dd6dc5db5... | +$0.000500
[Miner] Mined proxy_bandwidth | Proof: aeb75e5f4474... | +$0.000500
[Miner] Mined telecom_voice | Proof: 4cebe2631c6f... | +$0.002000
[Miner] Mined proxy_bandwidth | Proof: e522aeb7a66f... | +$0.000500
[Miner] Mined telecom_voice | Proof: 7a6a7ab1b3a4... | +$0.002000
[Miner] Mined proxy_bandwidth | Proof: a211189ec45a... | +$0.000500
[Miner] Mined ai_compute | Proof: bcffc7d6178c... | +$0.001000
[Miner] Mined telecom_sms | Proof: 3f427ccf58ba... | +$0.000200
[Miner] Mined ai_compute | Proof: 5a2a0202850c... | +$0.001000
[Miner] Mined ai_compute | Proof: 542c5a935eb2... | +$0.001000
[Miner] Mined ai_compute | Proof: 34b0c5019472... | +$0.001000
[Miner] Mined proxy_bandwidth | Proof: 132af6eed520... | +$0.000500
[Miner] Mined ai_compute | Proof: ecb916acafe6... | +$0.001000
[Miner] Mined proxy_bandwidth | Proof: 7d4588abc714... | +$0.000500
[Miner] Mined telecom_sms | Proof: e20e0f6ab064... | +$0.000200
[Miner] Mined proxy_bandwidth | Proof: 98726a56b42b... | +$0.000500
[Miner] Mined telecom_voice | Proof: 0021f3a4769b... | +$0.002000
[Miner] Mined proxy_bandwidth | Proof: 17b1d412eaf3... | +$0.000500
[Miner] Mined ai_compute | Proof: 0a3c916cb6c3... | +$0.001000
[Miner] Mined ai_compute | Proof: 8fd4c92bc5dd... | +$0.001000
[Miner] Mined telecom_sms | Proof: 1983675a6c75... | +$0.000200
[Miner] Mined proxy_bandwidth | Proof: 5edc67c56ee8... | +$0.000500
[Miner] Mined ai_compute | Proof: aef2ffbffefb... | +$0.001000
[Miner] Mined ai_compute | Proof: 061bcb82401c... | +$0.001000
[Miner] Mined proxy_bandwidth | Proof: c47551bb1424... | +$0.000500
[Miner] Mined proxy_bandwidth | Proof: e133933d1ee5... | +$0.000500
[Miner] Mined ai_compute | Proof: 64be38c1aa50... | +$0.001000
[Miner] Mined proxy_bandwidth | Proof: 27c2bebb8786... | +$0.000500
[Miner] Mined telecom_voice | Proof: 44e6435061b9... | +$0.002000
[Miner] Mined proxy_bandwidth | Proof: d7fe0a67b78a... | +$0.000500
[Miner] Mined telecom_sms | Proof: b955618453eb... | +$0.000200
[Miner] Mined telecom_sms | Proof: 4b961c3179a6... | +$0.000200
[Miner] Mined proxy_bandwidth | Proof: 4fc68ff91e68... | +$0.000500
[Miner] Mined telecom_voice | Proof: c15f620a2d98... | +$0.002000
[Miner] Mined telecom_voice | Proof: 020308524327... | +$0.002000
[Miner] Mined ai_compute | Proof: dbcaf4647823... | +$0.001000
[Miner] Mined telecom_voice | Proof: 582e0ba09c4e... | +$0.002000
[Miner] Mined proxy_bandwidth | Proof: 2fa6d3351e43... | +$0.000500
[Miner] Mined telecom_sms | Proof: eaaf2fd39b64... | +$0.000200
[Miner] Mined proxy_bandwidth | Proof: f20e97cbf410... | +$0.000500
[Miner] Mined telecom_sms | Proof: 39bb18f6257f... | +$0.000200
[Miner] Mined ai_compute | Proof: 3503cb0fa70d... | +$0.001000
[Miner] Mined telecom_voice | Proof: f31ad7194cd8... | +$0.002000
[Miner] Mined telecom_voice | Proof: 5f4cd270d35b... | +$0.002000
[Miner] Mined ai_compute | Proof: 64e98a3fff3e... | +$0.001000
[Miner] Mined proxy_bandwidth | Proof: 50e058900376... | +$0.000500
[Miner] Mined telecom_voice | Proof: 5949c1f4261b... | +$0.002000
[Miner] Mined proxy_bandwidth | Proof: ea9e0af95cf7... | +$0.000500
[Miner] Mined telecom_voice | Proof: b68c055a9b59... | +$0.002000
[Miner] Mined ai_compute | Proof: 6dc049c649ca... | +$0.001000
[Miner] Mined telecom_voice | Proof: 3743074e2405... | +$0.002000
[Miner] Mined telecom_sms | Proof: a5f5fb80adbb... | +$0.000200
[Miner] Mined ai_compute | Proof: 3cb364d908b4... | +$0.001000
[Miner] Mined ai_compute | Proof: 9ad26edc3a4d... | +$0.001000
[Miner] Mined telecom_voice | Proof: 0174db340b75... | +$0.002000
[Miner] Mined proxy_bandwidth | Proof: 86df79f3128a... | +$0.000500
[Miner] Mined telecom_voice | Proof: 6213d8c64b11... | +$0.002000
[Miner] Mined telecom_sms | Proof: f4b46ad5ad49... | +$0.000200
[Miner] Mined ai_compute | Proof: e057967fe0af... | +$0.001000
[Miner] Mined telecom_sms | Proof: 61f2f1a48773... | +$0.000200
[Miner] Mined telecom_voice | Proof: 6ddcefb3b5cd... | +$0.002000
[Miner] Mined telecom_sms | Proof: 2c169b532dee... | +$0.000200
[Miner] Mined ai_compute | Proof: 0a5b3f8b8b40... | +$0.001000
[Miner] Mined proxy_bandwidth | Proof: 76e8f19b9ae6... | +$0.000500
[Miner] Mined telecom_voice | Proof: 96fe8b244fc4... | +$0.002000
[Miner] Mined telecom_sms | Proof: 72b0d5a2dd42... | +$0.000200
[Miner] Mined ai_compute | Proof: 0e047dbf5be7... | +$0.001000
[Miner] Mined telecom_voice | Proof: fbdbafd652e5... | +$0.002000
[Miner] Mined telecom_voice | Proof: df0d0d16ac04... | +$0.002000
[Miner] Mined proxy_bandwidth | Proof: 2ce2a1bb692a... | +$0.000500
[Miner] Mined telecom_sms | Proof: 63f967c11dc4... | +$0.000200
[Miner] Mined telecom_voice | Proof: 5335c728319b... | +$0.002000
[Miner] Mined telecom_voice | Proof: a0e4ec077b4e... | +$0.002000
[Miner] Mined telecom_voice | Proof: 9518226ec7c1... | +$0.002000
[Miner] Mined ai_compute | Proof: 131b0b4cdd71... | +$0.001000
[Miner] Mined telecom_voice | Proof: 998012735147... | +$0.002000
[Miner] Mined telecom_voice | Proof: 73953047c9e2... | +$0.002000
[Miner] Mined telecom_voice | Proof: 5e1b05d4bec1... | +$0.002000
[Miner] Mined proxy_bandwidth | Proof: 955b1a13e714... | +$0.000500
[Miner] Mined proxy_bandwidth | Proof: 6f02baae2406... | +$0.000500
[Miner] Mined ai_compute | Proof: 34f7a76e2ae7... | +$0.001000
[Miner] Mined ai_compute | Proof: d16f53b32038... | +$0.001000
[Miner] Mined proxy_bandwidth | Proof: 435d973fb361... | +$0.000500
[Miner] Mined telecom_voice | Proof: 2b9dab84d2bf... | +$0.002000
[Miner] Mined telecom_voice | Proof: 16708ce9d60d... | +$0.002000
[Miner] Mined telecom_voice | Proof: 3296aeb7da1f... | +$0.002000
[Miner] Mined telecom_sms | Proof: 616f188b0fe2... | +$0.000200
[Miner] Mined proxy_bandwidth | Proof: aaa81f62637c... | +$0.000500
[Miner] Mined telecom_sms | Proof: 2e1fa96785ea... | +$0.000200
[Miner] Mined ai_compute | Proof: 89b3c7368d80... | +$0.001000
[Miner] Mined proxy_bandwidth | Proof: 84ed0872c05f... | +$0.000500
[Miner] Mined telecom_voice | Proof: 01aff106e8cc... | +$0.002000
[Miner] Mined telecom_sms | Proof: 59de81e43656... | +$0.000200
[Miner] Mined telecom_voice | Proof: 5f4f211fc0ee... | +$0.002000
[Miner] Mined ai_compute | Proof: 1b80ab85adc3... | +$0.001000
[Miner] Mined telecom_sms | Proof: 3111b08bb3b5... | +$0.000200
[Miner] Mined proxy_bandwidth | Proof: 4c5078765a70... | +$0.000500
[Miner] Mined proxy_bandwidth | Proof: a22fc987571e... | +$0.000500
[Miner] Mined telecom_voice | Proof: ebf47f9752c2... | +$0.002000
[Miner] Mined telecom_sms | Proof: c9bf9cc1ccf3... | +$0.000200
[Miner] Mined telecom_voice | Proof: d9715b4b4807... | +$0.002000
[Miner] Mined telecom_voice | Proof: dd2eb279781b... | +$0.002000
[Miner] Mined proxy_bandwidth | Proof: ed797095e056... | +$0.000500
[Miner] Mined ai_compute | Proof: 04021c8e383b... | +$0.001000
[Miner] Mined telecom_sms | Proof: bacc37b6b8cb... | +$0.000200
[Miner] Mined ai_compute | Proof: d7562f224d4d... | +$0.001000
[Miner] Mined proxy_bandwidth | Proof: 7ae85c4bfb7e... | +$0.000500
[Miner] Mined proxy_bandwidth | Proof: fc6c5057cecc... | +$0.000500
[Miner] Mined proxy_bandwidth | Proof: 5a1c4b89e9b1... | +$0.000500
[Miner] Mined proxy_bandwidth | Proof: 6ee1c6ebccf3... | +$0.000500
[Miner] Mined telecom_voice | Proof: 9f8fb510d3f9... | +$0.002000
[Miner] Mined telecom_sms | Proof: 78dac2e636a1... | +$0.000200
[Miner] Mined ai_compute | Proof: 09e97ea0d944... | +$0.001000
[Miner] Mined ai_compute | Proof: adb7772cabae... | +$0.001000
[Miner] Mined ai_compute | Proof: 575d06cdb3d1... | +$0.001000
[Miner] Mined proxy_bandwidth | Proof: 58eb86c97d94... | +$0.000500
[Miner] Mined ai_compute | Proof: ffe7204765b8... | +$0.001000
[Miner] Mined telecom_voice | Proof: 67a355778c81... | +$0.002000
[Miner] Mined ai_compute | Proof: 8a9fc56fadae... | +$0.001000
[Miner] Mined proxy_bandwidth | Proof: ef5060c9aaec... | +$0.000500
[Miner] Mined telecom_sms | Proof: 7c0783e23bfb... | +$0.000200
[Miner] Mined ai_compute | Proof: 37e7654d45fc... | +$0.001000
[Miner] Mined ai_compute | Proof: 88ccdc0c62f7... | +$0.001000
[Miner] Mined proxy_bandwidth | Proof: 591cf7cd1740... | +$0.000500
[Miner] Mined telecom_voice | Proof: 703a427a8ad6... | +$0.002000
[Miner] Mined telecom_sms | Proof: f526973b6fa7... | +$0.000200
[Miner] Mined telecom_sms | Proof: b0f7136494b9... | +$0.000200
[Miner] Mined ai_compute | Proof: 27805a8a1aea... | +$0.001000
[Miner] Mined telecom_sms | Proof: d48481f66250... | +$0.000200
[Miner] Mined telecom_voice | Proof: 3e1643afdde6... | +$0.002000
[Miner] Mined telecom_sms | Proof: da39b57ad974... | +$0.000200
[Miner] Mined proxy_bandwidth | Proof: 599aa062a6a4... | +$0.000500
[Miner] Mined ai_compute | Proof: 65e798cd1579... | +$0.001000
[Miner] Mined proxy_bandwidth | Proof: aae0a14373b8... | +$0.000500
[Miner] Mined proxy_bandwidth | Proof: 8c4e3c89f6a3... | +$0.000500
[Miner] Mined ai_compute | Proof: ea73f7dc1245... | +$0.001000
[Miner] Mined telecom_voice | Proof: 1b189da0c2de... | +$0.002000
[Miner] Mined ai_compute | Proof: e1b0220e117a... | +$0.001000
[Miner] Mined telecom_voice | Proof: 0774165a64c8... | +$0.002000
[Miner] Mined telecom_sms | Proof: 709ca7c806dc... | +$0.000200
[Miner] Mined ai_compute | Proof: 0aed35b0be56... | +$0.001000
[Miner] Mined telecom_voice | Proof: f1d61da34813... | +$0.002000
[Miner] Mined telecom_voice | Proof: e53e47ac86c1... | +$0.002000
[Miner] Mined ai_compute | Proof: eced1a6bdad5... | +$0.001000
[Miner] Mined telecom_voice | Proof: 7128b1761048... | +$0.002000
[Miner] Mined ai_compute | Proof: 799b7af92ebd... | +$0.001000
[Miner] Mined ai_compute | Proof: 96750ec62885... | +$0.001000
[Miner] Mined proxy_bandwidth | Proof: 422be7d09703... | +$0.000500
[Miner] Mined telecom_sms | Proof: 3fcf673d403a... | +$0.000200
[Miner] Mined ai_compute | Proof: c7a79abc7731... | +$0.001000
[Miner] Mined proxy_bandwidth | Proof: 91587ccfec9d... | +$0.000500
[Miner] Mined telecom_voice | Proof: 5ffb84ea2f8d... | +$0.002000
[Miner] Mined ai_compute | Proof: 407bc319f931... | +$0.001000
[Miner] Mined ai_compute | Proof: 2a70a66059aa... | +$0.001000
[Miner] Mined proxy_bandwidth | Proof: eeb013def0bc... | +$0.000500
[Miner] Mined telecom_sms | Proof: 91001fc910db... | +$0.000200
[Miner] Mined telecom_sms | Proof: e0d08feb8aaa... | +$0.000200
[Miner] Mined proxy_bandwidth | Proof: abb990c137b6... | +$0.000500
[Miner] Mined ai_compute | Proof: de43570ea7de... | +$0.001000
[Miner] Mined ai_compute | Proof: 773b7d6dcbcd... | +$0.001000
[Miner] Mined telecom_voice | Proof: 86a0655c50e3... | +$0.002000
[Miner] Mined proxy_bandwidth | Proof: 20a55eaac8d2... | +$0.000500
[Miner] Mined telecom_voice | Proof: 12ddf730110f... | +$0.002000
[Miner] Mined telecom_voice | Proof: 181394fd07ae... | +$0.002000
[Miner] Mined telecom_sms | Proof: 68e73ed840dc... | +$0.000200
[Miner] Mined ai_compute | Proof: de93e6762fbd... | +$0.001000
[Miner] Mined proxy_bandwidth | Proof: cdbf11870654... | +$0.000500
[Miner] Mined telecom_voice | Proof: 879c6f6d3c98... | +$0.002000
[Miner] Mined telecom_sms | Proof: 20e2de5b4f0c... | +$0.000200
[Miner] Mined proxy_bandwidth | Proof: 8da262ab87d3... | +$0.000500
[Miner] Mined ai_compute | Proof: 5e5465ebdc68... | +$0.001000
[Miner] Mined proxy_bandwidth | Proof: 07e86a48913a... | +$0.000500
[Miner] Mined telecom_sms | Proof: 1cbf4e7f6816... | +$0.000200
[Miner] Mined telecom_sms | Proof: c86f930e81d8... | +$0.000200
[Miner] Mined ai_compute | Proof: 774032131dff... | +$0.001000
[Miner] Mined telecom_voice | Proof: dfcd4ae1158a... | +$0.002000
[Miner] Mined ai_compute | Proof: 38dbbca7d7ee... | +$0.001000
[Miner] Mined telecom_voice | Proof: 80439d69c31e... | +$0.002000
[Miner] Mined telecom_sms | Proof: 796aaf501902... | +$0.000200
[Miner] Mined telecom_voice | Proof: 811d351ebd4e... | +$0.002000
[Miner] Mined telecom_sms | Proof: 2ded9cbb9ee9... | +$0.000200
[Miner] Mined ai_compute | Proof: aea16effa5d7... | +$0.001000
[Miner] Mined proxy_bandwidth | Proof: f37afa967b42... | +$0.000500
[Miner] Mined proxy_bandwidth | Proof: 1ede8cb68dfb... | +$0.000500
[Miner] Mined telecom_voice | Proof: b122dca205a2... | +$0.002000
[Miner] Mined telecom_voice | Proof: 2242a7a35123... | +$0.002000
[Miner] Mined proxy_bandwidth | Proof: 5942222c2967... | +$0.000500
[Miner] Mined ai_compute | Proof: 9809a561002e... | +$0.001000
[Miner] Mined telecom_sms | Proof: 1fea6fbdbfcd... | +$0.000200
[Miner] Mined proxy_bandwidth | Proof: 466dd87ee79c... | +$0.000500
[Miner] Mined telecom_voice | Proof: bb624f7f0b56... | +$0.002000
[Miner] Mined telecom_voice | Proof: f1fe864267ec... | +$0.002000
[Miner] Mined proxy_bandwidth | Proof: a515dca562cb... | +$0.000500
[Miner] Mined telecom_sms | Proof: e291a377dd0e... | +$0.000200
[Miner] Mined telecom_sms | Proof: 02ccc4d4e90d... | +$0.000200
[Miner] Mined telecom_sms | Proof: a607199d7b9d... | +$0.000200
[Miner] Mined telecom_voice | Proof: 85cc41f3c65f... | +$0.002000
[Miner] Mined proxy_bandwidth | Proof: 8985a7694cfa... | +$0.000500
[Miner] Mined proxy_bandwidth | Proof: 3d87129de8b8... | +$0.000500
[Miner] Mined ai_compute | Proof: 34c4bca6b83d... | +$0.001000
[Miner] Mined telecom_sms | Proof: 9f0f50db9dbb... | +$0.000200
[Miner] Mined telecom_voice | Proof: 5316f565d6ba... | +$0.002000
[Miner] Mined telecom_voice | Proof: d6593660faf8... | +$0.002000
[Miner] Mined telecom_voice | Proof: 8176861ed6fb... | +$0.002000
[Miner] Mined proxy_bandwidth | Proof: b99e02984fc1... | +$0.000500
[Miner] Mined telecom_sms | Proof: 33aae1a86488... | +$0.000200
[Miner] Mined telecom_sms | Proof: a5f5e6e296ee... | +$0.000200
[Miner] Mined telecom_sms | Proof: d37ef494160f... | +$0.000200
[Miner] Mined ai_compute | Proof: 20d391d7757d... | +$0.001000
[Miner] Mined ai_compute | Proof: 57de7eb702aa... | +$0.001000
[Miner] Mined telecom_sms | Proof: 64e116c74194... | +$0.000200
[Miner] Mined telecom_sms | Proof: acb431599f06... | +$0.000200
[Miner] Mined telecom_voice | Proof: 932501af6493... | +$0.002000
[Miner] Mined ai_compute | Proof: 1a584d0b2416... | +$0.001000
[Miner] Mined proxy_bandwidth | Proof: 022f55c11d87... | +$0.000500
[Miner] Mined proxy_bandwidth | Proof: 6ee04560b859... | +$0.000500
[Miner] Mined proxy_bandwidth | Proof: 50ef7bd9d2cb... | +$0.000500
[Miner] Mined telecom_sms | Proof: 279028fb0b32... | +$0.000200
[Miner] Mined telecom_sms | Proof: 1af1816faf35... | +$0.000200
[Miner] Mined telecom_sms | Proof: ae31378e6613... | +$0.000200
[Miner] Mined telecom_voice | Proof: a3319b326034... | +$0.002000
[Miner] Mined ai_compute | Proof: c971f602b239... | +$0.001000
[Miner] Mined telecom_sms | Proof: 17d201fa0804... | +$0.000200
[Miner] Mined proxy_bandwidth | Proof: a212415e1dc8... | +$0.000500
[Miner] Mined telecom_sms | Proof: 551ffefec779... | +$0.000200
[Miner] Mined ai_compute | Proof: 7b74ef978c1a... | +$0.001000
[Miner] Mined proxy_bandwidth | Proof: 15655093e754... | +$0.000500
[Miner] Mined telecom_sms | Proof: 2c9e28e9d704... | +$0.000200
[Miner] Mined proxy_bandwidth | Proof: 3851fd1322c2... | +$0.000500
[Miner] Mined telecom_sms | Proof: 806eef766362... | +$0.000200
[Miner] Mined ai_compute | Proof: 62f31a7d1fdd... | +$0.001000
[Miner] Mined telecom_sms | Proof: a4feaca272d8... | +$0.000200
[Miner] Mined ai_compute | Proof: 70c12f90dde5... | +$0.001000
[Miner] Mined proxy_bandwidth | Proof: 396687da07c8... | +$0.000500
[Miner] Mined proxy_bandwidth | Proof: 2914c6dbc410... | +$0.000500
[Miner] Mined ai_compute | Proof: 0d1857a17bda... | +$0.001000
[Miner] Mined telecom_voice | Proof: a190bac35cac... | +$0.002000
[Miner] Mined telecom_sms | Proof: 8d72d319d7ed... | +$0.000200
[Miner] Mined telecom_voice | Proof: 2cb0e14ff75c... | +$0.002000
[Miner] Mined ai_compute | Proof: 3d12133df17b... | +$0.001000
[Miner] Mined proxy_bandwidth | Proof: 94fca583379d... | +$0.000500
[Miner] Mined ai_compute | Proof: af09a7e3093a... | +$0.001000
[Miner] Mined proxy_bandwidth | Proof: 29846e29c0b8... | +$0.000500
[Miner] Mined telecom_sms | Proof: 3bafff7e581a... | +$0.000200
[Miner] Mined proxy_bandwidth | Proof: d8e3d3ab0b81... | +$0.000500
[Miner] Mined ai_compute | Proof: 785778b537dd... | +$0.001000
[Miner] Mined ai_compute | Proof: 1140624c7cc8... | +$0.001000
[Miner] Mined ai_compute | Proof: bb7f34059a85... | +$0.001000
[Miner] Mined ai_compute | Proof: aa36189504c2... | +$0.001000
[Miner] Mined telecom_voice | Proof: b6f55fb0db3a... | +$0.002000